Archive member included to satisfy reference by file (symbol)

/usr/lib/gcc/arm-none-eabi/14.2.1/../../../arm-none-eabi/lib/thumb/v7-m/nofp/libc_nano.a(libc_a-strlen-stub.o)
                              ./Output/tasks.o (strlen)
/usr/lib/gcc/arm-none-eabi/14.2.1/../../../arm-none-eabi/lib/thumb/v7-m/nofp/libc_nano.a(libc_a-memset.o)
                              ./Output/tasks.o (memset)
/usr/lib/gcc/arm-none-eabi/14.2.1/../../../arm-none-eabi/lib/thumb/v7-m/nofp/libc_nano.a(libc_a-strcmp.o)
                              ./Output/timeline_scheduler.o (strcmp)
/usr/lib/gcc/arm-none-eabi/14.2.1/../../../arm-none-eabi/lib/thumb/v7-m/nofp/libc_nano.a(libc_a-strncmp.o)
                              ./Output/timeline_scheduler.o (strncmp)
/usr/lib/gcc/arm-none-eabi/14.2.1/../../../arm-none-eabi/lib/thumb/v7-m/nofp/libc_nano.a(libc_a-memcpy.o)
                              ./Output/queue.o (memcpy)

Discarded input sections

 .group         0x00000000        0xc ./Output/list.o
 .group         0x00000000        0xc ./Output/list.o
 .group         0x00000000        0xc ./Output/list.o
 .group         0x00000000        0xc ./Output/list.o
 .group         0x00000000        0xc ./Output/list.o
 .group         0x00000000        0xc ./Output/list.o
 .group         0x00000000        0xc ./Output/list.o
 .group         0x00000000        0xc ./Output/list.o
 .group         0x00000000        0xc ./Output/list.o
 .group         0x00000000        0xc ./Output/list.o
 .group         0x00000000        0xc ./Output/list.o
 .group         0x00000000        0xc ./Output/list.o
 .group         0x00000000        0xc ./Output/list.o
 .group         0x00000000        0xc ./Output/list.o
 .group         0x00000000        0xc ./Output/list.o
 .group         0x00000000        0xc ./Output/list.o
 .group         0x00000000        0xc ./Output/list.o
 .group         0x00000000        0xc ./Output/list.o
 .group         0x00000000        0xc ./Output/list.o
 .group         0x00000000        0xc ./Output/list.o
 .group         0x00000000        0xc ./Output/list.o
 .group         0x00000000        0xc ./Output/list.o
 .group         0x00000000        0xc ./Output/list.o
 .group         0x00000000        0xc ./Output/list.o
 .group         0x00000000        0xc ./Output/list.o
 .group         0x00000000        0xc ./Output/list.o
 .group         0x00000000        0xc ./Output/list.o
 .group         0x00000000        0xc ./Output/list.o
 .group         0x00000000        0xc ./Output/list.o
 .group         0x00000000        0xc ./Output/list.o
 .group         0x00000000        0xc ./Output/list.o
 .text          0x00000000        0x0 ./Output/list.o
 .data          0x00000000        0x0 ./Output/list.o
 .bss           0x00000000        0x0 ./Output/list.o
 .group         0x00000000        0xc ./Output/tasks.o
 .group         0x00000000        0xc ./Output/tasks.o
 .group         0x00000000        0xc ./Output/tasks.o
 .group         0x00000000        0xc ./Output/tasks.o
 .group         0x00000000        0xc ./Output/tasks.o
 .group         0x00000000        0xc ./Output/tasks.o
 .group         0x00000000        0xc ./Output/tasks.o
 .group         0x00000000        0xc ./Output/tasks.o
 .group         0x00000000        0xc ./Output/tasks.o
 .group         0x00000000        0xc ./Output/tasks.o
 .group         0x00000000        0xc ./Output/tasks.o
 .group         0x00000000        0xc ./Output/tasks.o
 .group         0x00000000        0xc ./Output/tasks.o
 .group         0x00000000        0xc ./Output/tasks.o
 .group         0x00000000        0xc ./Output/tasks.o
 .group         0x00000000        0xc ./Output/tasks.o
 .group         0x00000000        0xc ./Output/tasks.o
 .group         0x00000000        0xc ./Output/tasks.o
 .group         0x00000000        0xc ./Output/tasks.o
 .group         0x00000000        0xc ./Output/tasks.o
 .group         0x00000000        0xc ./Output/tasks.o
 .group         0x00000000        0xc ./Output/tasks.o
 .group         0x00000000        0xc ./Output/tasks.o
 .group         0x00000000        0xc ./Output/tasks.o
 .group         0x00000000        0xc ./Output/tasks.o
 .group         0x00000000        0xc ./Output/tasks.o
 .group         0x00000000        0xc ./Output/tasks.o
 .group         0x00000000        0xc ./Output/tasks.o
 .group         0x00000000        0xc ./Output/tasks.o
 .group         0x00000000        0xc ./Output/tasks.o
 .group         0x00000000        0xc ./Output/tasks.o
 .group         0x00000000        0xc ./Output/tasks.o
 .group         0x00000000        0xc ./Output/tasks.o
 .group         0x00000000        0xc ./Output/tasks.o
 .group         0x00000000        0xc ./Output/tasks.o
 .group         0x00000000        0xc ./Output/tasks.o
 .group         0x00000000        0xc ./Output/tasks.o
 .text          0x00000000        0x0 ./Output/tasks.o
 .data          0x00000000        0x0 ./Output/tasks.o
 .bss           0x00000000        0x0 ./Output/tasks.o
 .text.prvSearchForNameWithinSingleList
                0x00000000       0x3e ./Output/tasks.o
 .text.uxTaskPriorityGet
                0x00000000       0x30 ./Output/tasks.o
 .text.uxTaskPriorityGetFromISR
                0x00000000       0x44 ./Output/tasks.o
 .text.uxTaskBasePriorityGet
                0x00000000       0x30 ./Output/tasks.o
 .text.uxTaskBasePriorityGetFromISR
                0x00000000       0x44 ./Output/tasks.o
 .text.vTaskPrioritySet
                0x00000000       0xf8 ./Output/tasks.o
 .text.vTaskEndScheduler
                0x00000000       0x3c ./Output/tasks.o
 .text.xTaskGetTickCountFromISR
                0x00000000       0x10 ./Output/tasks.o
 .text.xTaskDelayUntil
                0x00000000       0x8c ./Output/tasks.o
 .text.vTaskDelay
                0x00000000       0x4c ./Output/tasks.o
 .text.xTaskGetHandle
                0x00000000       0x84 ./Output/tasks.o
 .text.xTaskCatchUpTicks
                0x00000000       0x3c ./Output/tasks.o
 .text.vTaskPlaceOnUnorderedEventList
                0x00000000       0x68 ./Output/tasks.o
 .text.vTaskRemoveFromUnorderedEventList
                0x00000000       0xbc ./Output/tasks.o
 .text.vTaskSetTimeOutState
                0x00000000       0x34 ./Output/tasks.o
 .text.xTaskGetCurrentTaskHandle
                0x00000000        0xc ./Output/tasks.o
 .text.xTaskGetCurrentTaskHandleForCore
                0x00000000       0x10 ./Output/tasks.o
 .text.xTaskPriorityInherit
                0x00000000       0xa0 ./Output/tasks.o
 .text.vTaskPriorityDisinheritAfterTimeout
                0x00000000       0xb0 ./Output/tasks.o
 .text.uxTaskResetEventItemValue
                0x00000000       0x18 ./Output/tasks.o
 .text.pvTaskIncrementMutexHeldCount
                0x00000000       0x14 ./Output/tasks.o
 .text.xTaskGenericNotifyWait
                0x00000000       0xdc ./Output/tasks.o
 .text.xTaskGenericNotifyFromISR
                0x00000000      0x17c ./Output/tasks.o
 .text.xTaskGenericNotifyStateClear
                0x00000000       0x58 ./Output/tasks.o
 .text.ulTaskGenericNotifyValueClear
                0x00000000       0x54 ./Output/tasks.o
 .text.vTaskResetState
                0x00000000       0x64 ./Output/tasks.o
 .debug_macro   0x00000000      0xac0 ./Output/tasks.o
 .debug_macro   0x00000000       0x24 ./Output/tasks.o
 .debug_macro   0x00000000       0x22 ./Output/tasks.o
 .debug_macro   0x00000000       0x60 ./Output/tasks.o
 .debug_macro   0x00000000       0x94 ./Output/tasks.o
 .debug_macro   0x00000000       0x3c ./Output/tasks.o
 .debug_macro   0x00000000       0x34 ./Output/tasks.o
 .debug_macro   0x00000000       0x16 ./Output/tasks.o
 .debug_macro   0x00000000      0x11c ./Output/tasks.o
 .debug_macro   0x00000000       0x9b ./Output/tasks.o
 .debug_macro   0x00000000       0x57 ./Output/tasks.o
 .debug_macro   0x00000000      0x364 ./Output/tasks.o
 .debug_macro   0x00000000       0x16 ./Output/tasks.o
 .debug_macro   0x00000000       0x4a ./Output/tasks.o
 .debug_macro   0x00000000       0x34 ./Output/tasks.o
 .debug_macro   0x00000000       0x10 ./Output/tasks.o
 .debug_macro   0x00000000       0x52 ./Output/tasks.o
 .debug_macro   0x00000000      0x1e5 ./Output/tasks.o
 .debug_macro   0x00000000       0x16 ./Output/tasks.o
 .debug_macro   0x00000000       0x29 ./Output/tasks.o
 .debug_macro   0x00000000      0x34e ./Output/tasks.o
 .debug_macro   0x00000000       0x16 ./Output/tasks.o
 .debug_macro   0x00000000      0x118 ./Output/tasks.o
 .debug_macro   0x00000000       0x2e ./Output/tasks.o
 .debug_macro   0x00000000      0x182 ./Output/tasks.o
 .debug_macro   0x00000000       0xe7 ./Output/tasks.o
 .debug_macro   0x00000000       0x3a ./Output/tasks.o
 .debug_macro   0x00000000       0x1f ./Output/tasks.o
 .debug_macro   0x00000000       0x12 ./Output/tasks.o
 .debug_macro   0x00000000     0x1002 ./Output/tasks.o
 .debug_macro   0x00000000       0xc3 ./Output/tasks.o
 .group         0x00000000        0xc ./Output/queue.o
 .group         0x00000000        0xc ./Output/queue.o
 .group         0x00000000        0xc ./Output/queue.o
 .group         0x00000000        0xc ./Output/queue.o
 .group         0x00000000        0xc ./Output/queue.o
 .group         0x00000000        0xc ./Output/queue.o
 .group         0x00000000        0xc ./Output/queue.o
 .group         0x00000000        0xc ./Output/queue.o
 .group         0x00000000        0xc ./Output/queue.o
 .group         0x00000000        0xc ./Output/queue.o
 .group         0x00000000        0xc ./Output/queue.o
 .group         0x00000000        0xc ./Output/queue.o
 .group         0x00000000        0xc ./Output/queue.o
 .group         0x00000000        0xc ./Output/queue.o
 .group         0x00000000        0xc ./Output/queue.o
 .group         0x00000000        0xc ./Output/queue.o
 .group         0x00000000        0xc ./Output/queue.o
 .group         0x00000000        0xc ./Output/queue.o
 .group         0x00000000        0xc ./Output/queue.o
 .group         0x00000000        0xc ./Output/queue.o
 .group         0x00000000        0xc ./Output/queue.o
 .group         0x00000000        0xc ./Output/queue.o
 .group         0x00000000        0xc ./Output/queue.o
 .group         0x00000000        0xc ./Output/queue.o
 .group         0x00000000        0xc ./Output/queue.o
 .group         0x00000000        0xc ./Output/queue.o
 .group         0x00000000        0xc ./Output/queue.o
 .group         0x00000000        0xc ./Output/queue.o
 .group         0x00000000        0xc ./Output/queue.o
 .group         0x00000000        0xc ./Output/queue.o
 .group         0x00000000        0xc ./Output/queue.o
 .group         0x00000000        0xc ./Output/queue.o
 .group         0x00000000        0xc ./Output/queue.o
 .group         0x00000000        0xc ./Output/queue.o
 .group         0x00000000        0xc ./Output/queue.o
 .text          0x00000000        0x0 ./Output/queue.o
 .data          0x00000000        0x0 ./Output/queue.o
 .bss           0x00000000        0x0 ./Output/queue.o
 .text.xQueueCreateCountingSemaphore
                0x00000000       0x2c ./Output/queue.o
 .text.xQueueGenericSend
                0x00000000      0x158 ./Output/queue.o
 .text.xQueueCreateMutex
                0x00000000       0x24 ./Output/queue.o
 .text.xQueueGiveMutexRecursive
                0x00000000       0x3c ./Output/queue.o
 .text.xQueueGiveFromISR
                0x00000000       0xb4 ./Output/queue.o
 .text.xQueueSemaphoreTake
                0x00000000      0x150 ./Output/queue.o
 .text.xQueueTakeMutexRecursive
                0x00000000       0x54 ./Output/queue.o
 .text.xQueuePeek
                0x00000000      0x118 ./Output/queue.o
 .text.xQueueReceiveFromISR
                0x00000000       0xa8 ./Output/queue.o
 .text.xQueuePeekFromISR
                0x00000000       0x64 ./Output/queue.o
 .text.uxQueueMessagesWaiting
                0x00000000       0x24 ./Output/queue.o
 .text.uxQueueSpacesAvailable
                0x00000000       0x28 ./Output/queue.o
 .text.uxQueueMessagesWaitingFromISR
                0x00000000       0x18 ./Output/queue.o
 .text.uxQueueGetQueueItemSize
                0x00000000        0x4 ./Output/queue.o
 .text.uxQueueGetQueueLength
                0x00000000        0x4 ./Output/queue.o
 .text.xQueueIsQueueEmptyFromISR
                0x00000000       0x20 ./Output/queue.o
 .text.xQueueIsQueueFullFromISR
                0x00000000       0x20 ./Output/queue.o
 .text.pcQueueGetName
                0x00000000       0x3c ./Output/queue.o
 .text.vQueueUnregisterQueue
                0x00000000       0x40 ./Output/queue.o
 .text.vQueueDelete
                0x00000000       0x24 ./Output/queue.o
 .text.xQueueCreateSet
                0x00000000        0x8 ./Output/queue.o
 .text.xQueueAddToSet
                0x00000000       0x22 ./Output/queue.o
 .text.xQueueRemoveFromSet
                0x00000000       0x20 ./Output/queue.o
 .text.xQueueSelectFromSet
                0x00000000       0x16 ./Output/queue.o
 .text.xQueueSelectFromSetFromISR
                0x00000000       0x14 ./Output/queue.o
 .debug_macro   0x00000000      0xac0 ./Output/queue.o
 .debug_macro   0x00000000       0x24 ./Output/queue.o
 .debug_macro   0x00000000       0x22 ./Output/queue.o
 .debug_macro   0x00000000       0x60 ./Output/queue.o
 .debug_macro   0x00000000       0x94 ./Output/queue.o
 .debug_macro   0x00000000       0x3c ./Output/queue.o
 .debug_macro   0x00000000       0x34 ./Output/queue.o
 .debug_macro   0x00000000       0x16 ./Output/queue.o
 .debug_macro   0x00000000      0x11c ./Output/queue.o
 .debug_macro   0x00000000       0x9b ./Output/queue.o
 .debug_macro   0x00000000       0x57 ./Output/queue.o
 .debug_macro   0x00000000      0x364 ./Output/queue.o
 .debug_macro   0x00000000       0x16 ./Output/queue.o
 .debug_macro   0x00000000       0x4a ./Output/queue.o
 .debug_macro   0x00000000       0x34 ./Output/queue.o
 .debug_macro   0x00000000       0x10 ./Output/queue.o
 .debug_macro   0x00000000       0x52 ./Output/queue.o
 .debug_macro   0x00000000      0x1e5 ./Output/queue.o
 .debug_macro   0x00000000       0x16 ./Output/queue.o
 .debug_macro   0x00000000       0x29 ./Output/queue.o
 .debug_macro   0x00000000       0x16 ./Output/queue.o
 .debug_macro   0x00000000       0x3c ./Output/queue.o
 .debug_macro   0x00000000      0x34e ./Output/queue.o
 .debug_macro   0x00000000       0x16 ./Output/queue.o
 .debug_macro   0x00000000      0x118 ./Output/queue.o
 .debug_macro   0x00000000       0x2e ./Output/queue.o
 .debug_macro   0x00000000      0x182 ./Output/queue.o
 .debug_macro   0x00000000       0xe7 ./Output/queue.o
 .debug_macro   0x00000000       0x3a ./Output/queue.o
 .debug_macro   0x00000000       0x1f ./Output/queue.o
 .debug_macro   0x00000000       0x12 ./Output/queue.o
 .debug_macro   0x00000000     0x1002 ./Output/queue.o
 .debug_macro   0x00000000       0xc3 ./Output/queue.o
 .debug_macro   0x00000000      0x14f ./Output/queue.o
 .group         0x00000000        0xc ./Output/timers.o
 .group         0x00000000        0xc ./Output/timers.o
 .group         0x00000000        0xc ./Output/timers.o
 .group         0x00000000        0xc ./Output/timers.o
 .group         0x00000000        0xc ./Output/timers.o
 .group         0x00000000        0xc ./Output/timers.o
 .group         0x00000000        0xc ./Output/timers.o
 .group         0x00000000        0xc ./Output/timers.o
 .group         0x00000000        0xc ./Output/timers.o
 .group         0x00000000        0xc ./Output/timers.o
 .group         0x00000000        0xc ./Output/timers.o
 .group         0x00000000        0xc ./Output/timers.o
 .group         0x00000000        0xc ./Output/timers.o
 .group         0x00000000        0xc ./Output/timers.o
 .group         0x00000000        0xc ./Output/timers.o
 .group         0x00000000        0xc ./Output/timers.o
 .group         0x00000000        0xc ./Output/timers.o
 .group         0x00000000        0xc ./Output/timers.o
 .group         0x00000000        0xc ./Output/timers.o
 .group         0x00000000        0xc ./Output/timers.o
 .group         0x00000000        0xc ./Output/timers.o
 .group         0x00000000        0xc ./Output/timers.o
 .group         0x00000000        0xc ./Output/timers.o
 .group         0x00000000        0xc ./Output/timers.o
 .group         0x00000000        0xc ./Output/timers.o
 .group         0x00000000        0xc ./Output/timers.o
 .group         0x00000000        0xc ./Output/timers.o
 .group         0x00000000        0xc ./Output/timers.o
 .group         0x00000000        0xc ./Output/timers.o
 .group         0x00000000        0xc ./Output/timers.o
 .group         0x00000000        0xc ./Output/timers.o
 .group         0x00000000        0xc ./Output/timers.o
 .group         0x00000000        0xc ./Output/timers.o
 .group         0x00000000        0xc ./Output/timers.o
 .text          0x00000000        0x0 ./Output/timers.o
 .data          0x00000000        0x0 ./Output/timers.o
 .bss           0x00000000        0x0 ./Output/timers.o
 .text.xTimerCreate
                0x00000000       0x58 ./Output/timers.o
 .text.xTimerGenericCommandFromTask
                0x00000000       0x4c ./Output/timers.o
 .text.xTimerGenericCommandFromISR
                0x00000000       0x40 ./Output/timers.o
 .text.xTimerGetTimerDaemonTaskHandle
                0x00000000       0x20 ./Output/timers.o
 .text.xTimerGetPeriod
                0x00000000       0x18 ./Output/timers.o
 .text.vTimerSetReloadMode
                0x00000000       0x38 ./Output/timers.o
 .text.xTimerGetReloadMode
                0x00000000       0x28 ./Output/timers.o
 .text.uxTimerGetReloadMode
                0x00000000        0x4 ./Output/timers.o
 .text.xTimerGetExpiryTime
                0x00000000       0x18 ./Output/timers.o
 .text.pcTimerGetName
                0x00000000       0x18 ./Output/timers.o
 .text.xTimerIsTimerActive
                0x00000000       0x28 ./Output/timers.o
 .text.pvTimerGetTimerID
                0x00000000       0x24 ./Output/timers.o
 .text.vTimerSetTimerID
                0x00000000       0x24 ./Output/timers.o
 .text.xTimerPendFunctionCall
                0x00000000       0x48 ./Output/timers.o
 .text.vTimerResetState
                0x00000000       0x14 ./Output/timers.o
 .debug_macro   0x00000000      0xac0 ./Output/timers.o
 .debug_macro   0x00000000       0x24 ./Output/timers.o
 .debug_macro   0x00000000       0x22 ./Output/timers.o
 .debug_macro   0x00000000       0x60 ./Output/timers.o
 .debug_macro   0x00000000       0x94 ./Output/timers.o
 .debug_macro   0x00000000       0x3c ./Output/timers.o
 .debug_macro   0x00000000       0x34 ./Output/timers.o
 .debug_macro   0x00000000       0x16 ./Output/timers.o
 .debug_macro   0x00000000      0x11c ./Output/timers.o
 .debug_macro   0x00000000       0x9b ./Output/timers.o
 .debug_macro   0x00000000       0x57 ./Output/timers.o
 .debug_macro   0x00000000      0x364 ./Output/timers.o
 .debug_macro   0x00000000       0x16 ./Output/timers.o
 .debug_macro   0x00000000       0x4a ./Output/timers.o
 .debug_macro   0x00000000       0x34 ./Output/timers.o
 .debug_macro   0x00000000       0x10 ./Output/timers.o
 .debug_macro   0x00000000       0x52 ./Output/timers.o
 .debug_macro   0x00000000      0x1e5 ./Output/timers.o
 .debug_macro   0x00000000       0x16 ./Output/timers.o
 .debug_macro   0x00000000       0x29 ./Output/timers.o
 .debug_macro   0x00000000      0x34e ./Output/timers.o
 .debug_macro   0x00000000       0x16 ./Output/timers.o
 .debug_macro   0x00000000      0x118 ./Output/timers.o
 .debug_macro   0x00000000       0x2e ./Output/timers.o
 .debug_macro   0x00000000      0x182 ./Output/timers.o
 .debug_macro   0x00000000       0xe7 ./Output/timers.o
 .debug_macro   0x00000000       0x3a ./Output/timers.o
 .debug_macro   0x00000000       0x1f ./Output/timers.o
 .debug_macro   0x00000000       0x12 ./Output/timers.o
 .debug_macro   0x00000000     0x1002 ./Output/timers.o
 .debug_macro   0x00000000       0xc3 ./Output/timers.o
 .debug_macro   0x00000000      0x14f ./Output/timers.o
 .debug_macro   0x00000000       0x80 ./Output/timers.o
 .group         0x00000000        0xc ./Output/event_groups.o
 .group         0x00000000        0xc ./Output/event_groups.o
 .group         0x00000000        0xc ./Output/event_groups.o
 .group         0x00000000        0xc ./Output/event_groups.o
 .group         0x00000000        0xc ./Output/event_groups.o
 .group         0x00000000        0xc ./Output/event_groups.o
 .group         0x00000000        0xc ./Output/event_groups.o
 .group         0x00000000        0xc ./Output/event_groups.o
 .group         0x00000000        0xc ./Output/event_groups.o
 .group         0x00000000        0xc ./Output/event_groups.o
 .group         0x00000000        0xc ./Output/event_groups.o
 .group         0x00000000        0xc ./Output/event_groups.o
 .group         0x00000000        0xc ./Output/event_groups.o
 .group         0x00000000        0xc ./Output/event_groups.o
 .group         0x00000000        0xc ./Output/event_groups.o
 .group         0x00000000        0xc ./Output/event_groups.o
 .group         0x00000000        0xc ./Output/event_groups.o
 .group         0x00000000        0xc ./Output/event_groups.o
 .group         0x00000000        0xc ./Output/event_groups.o
 .group         0x00000000        0xc ./Output/event_groups.o
 .group         0x00000000        0xc ./Output/event_groups.o
 .group         0x00000000        0xc ./Output/event_groups.o
 .group         0x00000000        0xc ./Output/event_groups.o
 .group         0x00000000        0xc ./Output/event_groups.o
 .group         0x00000000        0xc ./Output/event_groups.o
 .group         0x00000000        0xc ./Output/event_groups.o
 .group         0x00000000        0xc ./Output/event_groups.o
 .group         0x00000000        0xc ./Output/event_groups.o
 .group         0x00000000        0xc ./Output/event_groups.o
 .group         0x00000000        0xc ./Output/event_groups.o
 .group         0x00000000        0xc ./Output/event_groups.o
 .group         0x00000000        0xc ./Output/event_groups.o
 .group         0x00000000        0xc ./Output/event_groups.o
 .group         0x00000000        0xc ./Output/event_groups.o
 .text          0x00000000        0x0 ./Output/event_groups.o
 .data          0x00000000        0x0 ./Output/event_groups.o
 .bss           0x00000000        0x0 ./Output/event_groups.o
 .text.xEventGroupCreate
                0x00000000       0x1a ./Output/event_groups.o
 .rodata.xEventGroupWaitBits.str1.1
                0x00000000       0x27 ./Output/event_groups.o
 .text.xEventGroupWaitBits
                0x00000000       0xf4 ./Output/event_groups.o
 .text.xEventGroupClearBits
                0x00000000       0x3c ./Output/event_groups.o
 .text.vEventGroupClearBitsCallback
                0x00000000        0x4 ./Output/event_groups.o
 .text.xEventGroupClearBitsFromISR
                0x00000000       0x10 ./Output/event_groups.o
 .text.xEventGroupGetBitsFromISR
                0x00000000       0x1c ./Output/event_groups.o
 .text.xEventGroupSetBits
                0x00000000       0x7c ./Output/event_groups.o
 .text.xEventGroupSync
                0x00000000       0xb4 ./Output/event_groups.o
 .text.vEventGroupSetBitsCallback
                0x00000000        0x4 ./Output/event_groups.o
 .text.vEventGroupDelete
                0x00000000       0x4c ./Output/event_groups.o
 .text.xEventGroupSetBitsFromISR
                0x00000000       0x10 ./Output/event_groups.o
 .debug_info    0x00000000      0xd57 ./Output/event_groups.o
 .debug_abbrev  0x00000000      0x30a ./Output/event_groups.o
 .debug_loclists
                0x00000000      0x72f ./Output/event_groups.o
 .debug_aranges
                0x00000000       0x70 ./Output/event_groups.o
 .debug_rnglists
                0x00000000       0x75 ./Output/event_groups.o
 .debug_macro   0x00000000      0x1a6 ./Output/event_groups.o
 .debug_macro   0x00000000      0xac0 ./Output/event_groups.o
 .debug_macro   0x00000000       0x24 ./Output/event_groups.o
 .debug_macro   0x00000000       0x22 ./Output/event_groups.o
 .debug_macro   0x00000000       0x60 ./Output/event_groups.o
 .debug_macro   0x00000000       0x94 ./Output/event_groups.o
 .debug_macro   0x00000000       0x3c ./Output/event_groups.o
 .debug_macro   0x00000000       0x34 ./Output/event_groups.o
 .debug_macro   0x00000000       0x16 ./Output/event_groups.o
 .debug_macro   0x00000000      0x11c ./Output/event_groups.o
 .debug_macro   0x00000000       0x9b ./Output/event_groups.o
 .debug_macro   0x00000000       0x57 ./Output/event_groups.o
 .debug_macro   0x00000000      0x364 ./Output/event_groups.o
 .debug_macro   0x00000000       0x16 ./Output/event_groups.o
 .debug_macro   0x00000000       0x4a ./Output/event_groups.o
 .debug_macro   0x00000000       0x34 ./Output/event_groups.o
 .debug_macro   0x00000000       0x10 ./Output/event_groups.o
 .debug_macro   0x00000000       0x52 ./Output/event_groups.o
 .debug_macro   0x00000000      0x1e5 ./Output/event_groups.o
 .debug_macro   0x00000000       0x16 ./Output/event_groups.o
 .debug_macro   0x00000000       0x29 ./Output/event_groups.o
 .debug_macro   0x00000000      0x34e ./Output/event_groups.o
 .debug_macro   0x00000000       0x16 ./Output/event_groups.o
 .debug_macro   0x00000000      0x118 ./Output/event_groups.o
 .debug_macro   0x00000000       0x2e ./Output/event_groups.o
 .debug_macro   0x00000000      0x182 ./Output/event_groups.o
 .debug_macro   0x00000000       0xe7 ./Output/event_groups.o
 .debug_macro   0x00000000       0x3a ./Output/event_groups.o
 .debug_macro   0x00000000       0x1f ./Output/event_groups.o
 .debug_macro   0x00000000       0x12 ./Output/event_groups.o
 .debug_macro   0x00000000     0x1002 ./Output/event_groups.o
 .debug_macro   0x00000000       0xc3 ./Output/event_groups.o
 .debug_macro   0x00000000      0x14f ./Output/event_groups.o
 .debug_macro   0x00000000       0x98 ./Output/event_groups.o
 .debug_macro   0x00000000       0x23 ./Output/event_groups.o
 .debug_line    0x00000000      0x85a ./Output/event_groups.o
 .debug_str     0x00000000    0x12150 ./Output/event_groups.o
 .comment       0x00000000       0x27 ./Output/event_groups.o
 .debug_frame   0x00000000      0x120 ./Output/event_groups.o
 .ARM.attributes
                0x00000000       0x2d ./Output/event_groups.o
 .group         0x00000000        0xc ./Output/stream_buffer.o
 .group         0x00000000        0xc ./Output/stream_buffer.o
 .group         0x00000000        0xc ./Output/stream_buffer.o
 .group         0x00000000        0xc ./Output/stream_buffer.o
 .group         0x00000000        0xc ./Output/stream_buffer.o
 .group         0x00000000        0xc ./Output/stream_buffer.o
 .group         0x00000000        0xc ./Output/stream_buffer.o
 .group         0x00000000        0xc ./Output/stream_buffer.o
 .group         0x00000000        0xc ./Output/stream_buffer.o
 .group         0x00000000        0xc ./Output/stream_buffer.o
 .group         0x00000000        0xc ./Output/stream_buffer.o
 .group         0x00000000        0xc ./Output/stream_buffer.o
 .group         0x00000000        0xc ./Output/stream_buffer.o
 .group         0x00000000        0xc ./Output/stream_buffer.o
 .group         0x00000000        0xc ./Output/stream_buffer.o
 .group         0x00000000        0xc ./Output/stream_buffer.o
 .group         0x00000000        0xc ./Output/stream_buffer.o
 .group         0x00000000        0xc ./Output/stream_buffer.o
 .group         0x00000000        0xc ./Output/stream_buffer.o
 .group         0x00000000        0xc ./Output/stream_buffer.o
 .group         0x00000000        0xc ./Output/stream_buffer.o
 .group         0x00000000        0xc ./Output/stream_buffer.o
 .group         0x00000000        0xc ./Output/stream_buffer.o
 .group         0x00000000        0xc ./Output/stream_buffer.o
 .group         0x00000000        0xc ./Output/stream_buffer.o
 .group         0x00000000        0xc ./Output/stream_buffer.o
 .group         0x00000000        0xc ./Output/stream_buffer.o
 .group         0x00000000        0xc ./Output/stream_buffer.o
 .group         0x00000000        0xc ./Output/stream_buffer.o
 .group         0x00000000        0xc ./Output/stream_buffer.o
 .group         0x00000000        0xc ./Output/stream_buffer.o
 .text          0x00000000        0x0 ./Output/stream_buffer.o
 .data          0x00000000        0x0 ./Output/stream_buffer.o
 .bss           0x00000000        0x0 ./Output/stream_buffer.o
 .text.prvBytesInBuffer
                0x00000000       0x12 ./Output/stream_buffer.o
 .rodata.prvWriteBytesToBuffer.str1.1
                0x00000000       0x28 ./Output/stream_buffer.o
 .text.prvWriteBytesToBuffer
                0x00000000       0x6c ./Output/stream_buffer.o
 .text.prvWriteMessageToBuffer
                0x00000000       0x46 ./Output/stream_buffer.o
 .text.prvReadBytesFromBuffer
                0x00000000       0x58 ./Output/stream_buffer.o
 .text.prvReadMessageFromBuffer
                0x00000000       0x46 ./Output/stream_buffer.o
 .text.prvInitialiseNewStreamBuffer.isra.0
                0x00000000       0x40 ./Output/stream_buffer.o
 .text.xStreamBufferGenericCreate
                0x00000000       0x8c ./Output/stream_buffer.o
 .text.vStreamBufferDelete
                0x00000000       0x34 ./Output/stream_buffer.o
 .text.xStreamBufferReset
                0x00000000       0x44 ./Output/stream_buffer.o
 .text.xStreamBufferResetFromISR
                0x00000000       0x50 ./Output/stream_buffer.o
 .text.xStreamBufferSetTriggerLevel
                0x00000000       0x2c ./Output/stream_buffer.o
 .text.xStreamBufferSpacesAvailable
                0x00000000       0x30 ./Output/stream_buffer.o
 .text.xStreamBufferBytesAvailable
                0x00000000       0x20 ./Output/stream_buffer.o
 .text.xStreamBufferSend
                0x00000000      0x110 ./Output/stream_buffer.o
 .text.xStreamBufferSendFromISR
                0x00000000       0x90 ./Output/stream_buffer.o
 .text.xStreamBufferReceive
                0x00000000       0xd0 ./Output/stream_buffer.o
 .text.xStreamBufferNextMessageLengthBytes
                0x00000000       0x4c ./Output/stream_buffer.o
 .text.xStreamBufferReceiveFromISR
                0x00000000       0x88 ./Output/stream_buffer.o
 .text.xStreamBufferIsEmpty
                0x00000000       0x20 ./Output/stream_buffer.o
 .text.xStreamBufferIsFull
                0x00000000       0x2c ./Output/stream_buffer.o
 .text.xStreamBufferSendCompletedFromISR
                0x00000000       0x4c ./Output/stream_buffer.o
 .text.xStreamBufferReceiveCompletedFromISR
                0x00000000       0x4c ./Output/stream_buffer.o
 .text.uxStreamBufferGetStreamBufferNotificationIndex
                0x00000000       0x18 ./Output/stream_buffer.o
 .text.vStreamBufferSetStreamBufferNotificationIndex
                0x00000000       0x40 ./Output/stream_buffer.o
 .debug_info    0x00000000     0x1b53 ./Output/stream_buffer.o
 .debug_abbrev  0x00000000      0x30f ./Output/stream_buffer.o
 .debug_loclists
                0x00000000     0x1014 ./Output/stream_buffer.o
 .debug_aranges
                0x00000000       0xd8 ./Output/stream_buffer.o
 .debug_rnglists
                0x00000000       0xa2 ./Output/stream_buffer.o
 .debug_macro   0x00000000      0x1de ./Output/stream_buffer.o
 .debug_macro   0x00000000      0xac0 ./Output/stream_buffer.o
 .debug_macro   0x00000000       0x22 ./Output/stream_buffer.o
 .debug_macro   0x00000000       0x60 ./Output/stream_buffer.o
 .debug_macro   0x00000000       0x24 ./Output/stream_buffer.o
 .debug_macro   0x00000000       0x94 ./Output/stream_buffer.o
 .debug_macro   0x00000000       0x3c ./Output/stream_buffer.o
 .debug_macro   0x00000000       0x34 ./Output/stream_buffer.o
 .debug_macro   0x00000000      0x190 ./Output/stream_buffer.o
 .debug_macro   0x00000000       0x57 ./Output/stream_buffer.o
 .debug_macro   0x00000000      0x364 ./Output/stream_buffer.o
 .debug_macro   0x00000000       0x16 ./Output/stream_buffer.o
 .debug_macro   0x00000000       0x4a ./Output/stream_buffer.o
 .debug_macro   0x00000000       0x34 ./Output/stream_buffer.o
 .debug_macro   0x00000000       0x10 ./Output/stream_buffer.o
 .debug_macro   0x00000000       0x52 ./Output/stream_buffer.o
 .debug_macro   0x00000000      0x1e5 ./Output/stream_buffer.o
 .debug_macro   0x00000000       0x10 ./Output/stream_buffer.o
 .debug_macro   0x00000000       0x3c ./Output/stream_buffer.o
 .debug_macro   0x00000000      0x34e ./Output/stream_buffer.o
 .debug_macro   0x00000000       0x16 ./Output/stream_buffer.o
 .debug_macro   0x00000000      0x118 ./Output/stream_buffer.o
 .debug_macro   0x00000000       0x2e ./Output/stream_buffer.o
 .debug_macro   0x00000000      0x182 ./Output/stream_buffer.o
 .debug_macro   0x00000000       0xe7 ./Output/stream_buffer.o
 .debug_macro   0x00000000       0x3a ./Output/stream_buffer.o
 .debug_macro   0x00000000       0x1f ./Output/stream_buffer.o
 .debug_macro   0x00000000       0x12 ./Output/stream_buffer.o
 .debug_macro   0x00000000     0x1002 ./Output/stream_buffer.o
 .debug_macro   0x00000000       0xc3 ./Output/stream_buffer.o
 .debug_macro   0x00000000      0x14f ./Output/stream_buffer.o
 .debug_macro   0x00000000       0x38 ./Output/stream_buffer.o
 .debug_line    0x00000000     0x1085 ./Output/stream_buffer.o
 .debug_str     0x00000000    0x126a3 ./Output/stream_buffer.o
 .comment       0x00000000       0x27 ./Output/stream_buffer.o
 .debug_frame   0x00000000      0x314 ./Output/stream_buffer.o
 .ARM.attributes
                0x00000000       0x2d ./Output/stream_buffer.o
 .group         0x00000000        0xc ./Output/heap_4.o
 .group         0x00000000        0xc ./Output/heap_4.o
 .group         0x00000000        0xc ./Output/heap_4.o
 .group         0x00000000        0xc ./Output/heap_4.o
 .group         0x00000000        0xc ./Output/heap_4.o
 .group         0x00000000        0xc ./Output/heap_4.o
 .group         0x00000000        0xc ./Output/heap_4.o
 .group         0x00000000        0xc ./Output/heap_4.o
 .group         0x00000000        0xc ./Output/heap_4.o
 .group         0x00000000        0xc ./Output/heap_4.o
 .group         0x00000000        0xc ./Output/heap_4.o
 .group         0x00000000        0xc ./Output/heap_4.o
 .group         0x00000000        0xc ./Output/heap_4.o
 .group         0x00000000        0xc ./Output/heap_4.o
 .group         0x00000000        0xc ./Output/heap_4.o
 .group         0x00000000        0xc ./Output/heap_4.o
 .group         0x00000000        0xc ./Output/heap_4.o
 .group         0x00000000        0xc ./Output/heap_4.o
 .group         0x00000000        0xc ./Output/heap_4.o
 .group         0x00000000        0xc ./Output/heap_4.o
 .group         0x00000000        0xc ./Output/heap_4.o
 .group         0x00000000        0xc ./Output/heap_4.o
 .group         0x00000000        0xc ./Output/heap_4.o
 .group         0x00000000        0xc ./Output/heap_4.o
 .group         0x00000000        0xc ./Output/heap_4.o
 .group         0x00000000        0xc ./Output/heap_4.o
 .group         0x00000000        0xc ./Output/heap_4.o
 .group         0x00000000        0xc ./Output/heap_4.o
 .group         0x00000000        0xc ./Output/heap_4.o
 .group         0x00000000        0xc ./Output/heap_4.o
 .group         0x00000000        0xc ./Output/heap_4.o
 .group         0x00000000        0xc ./Output/heap_4.o
 .group         0x00000000        0xc ./Output/heap_4.o
 .group         0x00000000        0xc ./Output/heap_4.o
 .text          0x00000000        0x0 ./Output/heap_4.o
 .data          0x00000000        0x0 ./Output/heap_4.o
 .bss           0x00000000        0x0 ./Output/heap_4.o
 .text.xPortGetFreeHeapSize
                0x00000000        0xc ./Output/heap_4.o
 .text.xPortGetMinimumEverFreeHeapSize
                0x00000000        0xc ./Output/heap_4.o
 .text.xPortResetHeapMinimumEverFreeHeapSize
                0x00000000       0x14 ./Output/heap_4.o
 .text.vPortInitialiseBlocks
                0x00000000        0x2 ./Output/heap_4.o
 .text.pvPortCalloc
                0x00000000       0x2a ./Output/heap_4.o
 .text.vPortGetHeapStats
                0x00000000       0x84 ./Output/heap_4.o
 .text.vPortHeapResetState
                0x00000000       0x2c ./Output/heap_4.o
 .debug_macro   0x00000000      0xac0 ./Output/heap_4.o
 .debug_macro   0x00000000       0x24 ./Output/heap_4.o
 .debug_macro   0x00000000       0x22 ./Output/heap_4.o
 .debug_macro   0x00000000       0x60 ./Output/heap_4.o
 .debug_macro   0x00000000       0x94 ./Output/heap_4.o
 .debug_macro   0x00000000       0x3c ./Output/heap_4.o
 .debug_macro   0x00000000       0x34 ./Output/heap_4.o
 .debug_macro   0x00000000       0x16 ./Output/heap_4.o
 .debug_macro   0x00000000      0x11c ./Output/heap_4.o
 .debug_macro   0x00000000       0x9b ./Output/heap_4.o
 .debug_macro   0x00000000       0x57 ./Output/heap_4.o
 .debug_macro   0x00000000      0x364 ./Output/heap_4.o
 .debug_macro   0x00000000       0x16 ./Output/heap_4.o
 .debug_macro   0x00000000       0x4a ./Output/heap_4.o
 .debug_macro   0x00000000       0x34 ./Output/heap_4.o
 .debug_macro   0x00000000       0x10 ./Output/heap_4.o
 .debug_macro   0x00000000       0x52 ./Output/heap_4.o
 .debug_macro   0x00000000      0x1e5 ./Output/heap_4.o
 .debug_macro   0x00000000       0x16 ./Output/heap_4.o
 .debug_macro   0x00000000       0x29 ./Output/heap_4.o
 .debug_macro   0x00000000       0x16 ./Output/heap_4.o
 .debug_macro   0x00000000       0x3c ./Output/heap_4.o
 .debug_macro   0x00000000      0x34e ./Output/heap_4.o
 .debug_macro   0x00000000       0x16 ./Output/heap_4.o
 .debug_macro   0x00000000      0x118 ./Output/heap_4.o
 .debug_macro   0x00000000       0x2e ./Output/heap_4.o
 .debug_macro   0x00000000      0x182 ./Output/heap_4.o
 .debug_macro   0x00000000       0xe7 ./Output/heap_4.o
 .debug_macro   0x00000000       0x3a ./Output/heap_4.o
 .debug_macro   0x00000000       0x1f ./Output/heap_4.o
 .debug_macro   0x00000000       0x12 ./Output/heap_4.o
 .debug_macro   0x00000000     0x1002 ./Output/heap_4.o
 .debug_macro   0x00000000       0xc3 ./Output/heap_4.o
 .debug_macro   0x00000000      0x14f ./Output/heap_4.o
 .group         0x00000000        0xc ./Output/port.o
 .group         0x00000000        0xc ./Output/port.o
 .group         0x00000000        0xc ./Output/port.o
 .group         0x00000000        0xc ./Output/port.o
 .group         0x00000000        0xc ./Output/port.o
 .group         0x00000000        0xc ./Output/port.o
 .group         0x00000000        0xc ./Output/port.o
 .group         0x00000000        0xc ./Output/port.o
 .group         0x00000000        0xc ./Output/port.o
 .group         0x00000000        0xc ./Output/port.o
 .group         0x00000000        0xc ./Output/port.o
 .group         0x00000000        0xc ./Output/port.o
 .group         0x00000000        0xc ./Output/port.o
 .group         0x00000000        0xc ./Output/port.o
 .text          0x00000000        0x0 ./Output/port.o
 .data          0x00000000        0x0 ./Output/port.o
 .bss           0x00000000        0x0 ./Output/port.o
 .text.vPortEndScheduler
                0x00000000       0x20 ./Output/port.o
 .debug_macro   0x00000000      0xac0 ./Output/port.o
 .debug_macro   0x00000000      0x190 ./Output/port.o
 .debug_macro   0x00000000      0x34e ./Output/port.o
 .debug_macro   0x00000000       0x16 ./Output/port.o
 .debug_macro   0x00000000      0x118 ./Output/port.o
 .debug_macro   0x00000000       0x2e ./Output/port.o
 .debug_macro   0x00000000      0x182 ./Output/port.o
 .debug_macro   0x00000000       0xe7 ./Output/port.o
 .debug_macro   0x00000000       0x3a ./Output/port.o
 .debug_macro   0x00000000       0x1f ./Output/port.o
 .debug_macro   0x00000000       0x12 ./Output/port.o
 .debug_macro   0x00000000     0x1002 ./Output/port.o
 .debug_macro   0x00000000       0xc3 ./Output/port.o
 .debug_macro   0x00000000      0x14f ./Output/port.o
 .group         0x00000000        0xc ./Output/app_main.o
 .group         0x00000000        0xc ./Output/app_main.o
 .group         0x00000000        0xc ./Output/app_main.o
 .group         0x00000000        0xc ./Output/app_main.o
 .group         0x00000000        0xc ./Output/app_main.o
 .group         0x00000000        0xc ./Output/app_main.o
 .group         0x00000000        0xc ./Output/app_main.o
 .group         0x00000000        0xc ./Output/app_main.o
 .group         0x00000000        0xc ./Output/app_main.o
 .group         0x00000000        0xc ./Output/app_main.o
 .group         0x00000000        0xc ./Output/app_main.o
 .group         0x00000000        0xc ./Output/app_main.o
 .group         0x00000000        0xc ./Output/app_main.o
 .group         0x00000000        0xc ./Output/app_main.o
 .group         0x00000000        0xc ./Output/app_main.o
 .group         0x00000000        0xc ./Output/app_main.o
 .text          0x00000000        0x0 ./Output/app_main.o
 .data          0x00000000        0x0 ./Output/app_main.o
 .bss           0x00000000        0x0 ./Output/app_main.o
 .debug_macro   0x00000000      0xac0 ./Output/app_main.o
 .debug_macro   0x00000000      0x190 ./Output/app_main.o
 .debug_macro   0x00000000      0x34e ./Output/app_main.o
 .debug_macro   0x00000000       0x16 ./Output/app_main.o
 .debug_macro   0x00000000      0x118 ./Output/app_main.o
 .debug_macro   0x00000000       0x2e ./Output/app_main.o
 .debug_macro   0x00000000      0x182 ./Output/app_main.o
 .debug_macro   0x00000000       0xe7 ./Output/app_main.o
 .debug_macro   0x00000000       0x3a ./Output/app_main.o
 .debug_macro   0x00000000       0x1f ./Output/app_main.o
 .debug_macro   0x00000000       0x12 ./Output/app_main.o
 .debug_macro   0x00000000     0x1002 ./Output/app_main.o
 .debug_macro   0x00000000       0xc3 ./Output/app_main.o
 .debug_macro   0x00000000      0x14f ./Output/app_main.o
 .debug_macro   0x00000000       0x2e ./Output/app_main.o
 .group         0x00000000        0xc ./Output/timeline_config.o
 .group         0x00000000        0xc ./Output/timeline_config.o
 .group         0x00000000        0xc ./Output/timeline_config.o
 .group         0x00000000        0xc ./Output/timeline_config.o
 .group         0x00000000        0xc ./Output/timeline_config.o
 .group         0x00000000        0xc ./Output/timeline_config.o
 .group         0x00000000        0xc ./Output/timeline_config.o
 .group         0x00000000        0xc ./Output/timeline_config.o
 .group         0x00000000        0xc ./Output/timeline_config.o
 .group         0x00000000        0xc ./Output/timeline_config.o
 .group         0x00000000        0xc ./Output/timeline_config.o
 .group         0x00000000        0xc ./Output/timeline_config.o
 .group         0x00000000        0xc ./Output/timeline_config.o
 .group         0x00000000        0xc ./Output/timeline_config.o
 .text          0x00000000        0x0 ./Output/timeline_config.o
 .data          0x00000000        0x0 ./Output/timeline_config.o
 .bss           0x00000000        0x0 ./Output/timeline_config.o
 .debug_macro   0x00000000      0xac0 ./Output/timeline_config.o
 .debug_macro   0x00000000      0x190 ./Output/timeline_config.o
 .debug_macro   0x00000000      0x34e ./Output/timeline_config.o
 .debug_macro   0x00000000       0x16 ./Output/timeline_config.o
 .debug_macro   0x00000000      0x118 ./Output/timeline_config.o
 .debug_macro   0x00000000       0x2e ./Output/timeline_config.o
 .debug_macro   0x00000000      0x182 ./Output/timeline_config.o
 .debug_macro   0x00000000       0xe7 ./Output/timeline_config.o
 .debug_macro   0x00000000       0x3a ./Output/timeline_config.o
 .debug_macro   0x00000000       0x1f ./Output/timeline_config.o
 .debug_macro   0x00000000       0x12 ./Output/timeline_config.o
 .debug_macro   0x00000000     0x1002 ./Output/timeline_config.o
 .debug_macro   0x00000000       0xc3 ./Output/timeline_config.o
 .debug_macro   0x00000000      0x14f ./Output/timeline_config.o
 .group         0x00000000        0xc ./Output/timeline_scheduler.o
 .group         0x00000000        0xc ./Output/timeline_scheduler.o
 .group         0x00000000        0xc ./Output/timeline_scheduler.o
 .group         0x00000000        0xc ./Output/timeline_scheduler.o
 .group         0x00000000        0xc ./Output/timeline_scheduler.o
 .group         0x00000000        0xc ./Output/timeline_scheduler.o
 .group         0x00000000        0xc ./Output/timeline_scheduler.o
 .group         0x00000000        0xc ./Output/timeline_scheduler.o
 .group         0x00000000        0xc ./Output/timeline_scheduler.o
 .group         0x00000000        0xc ./Output/timeline_scheduler.o
 .group         0x00000000        0xc ./Output/timeline_scheduler.o
 .group         0x00000000        0xc ./Output/timeline_scheduler.o
 .group         0x00000000        0xc ./Output/timeline_scheduler.o
 .group         0x00000000        0xc ./Output/timeline_scheduler.o
 .group         0x00000000        0xc ./Output/timeline_scheduler.o
 .group         0x00000000        0xc ./Output/timeline_scheduler.o
 .group         0x00000000        0xc ./Output/timeline_scheduler.o
 .group         0x00000000        0xc ./Output/timeline_scheduler.o
 .group         0x00000000        0xc ./Output/timeline_scheduler.o
 .group         0x00000000        0xc ./Output/timeline_scheduler.o
 .group         0x00000000        0xc ./Output/timeline_scheduler.o
 .group         0x00000000        0xc ./Output/timeline_scheduler.o
 .group         0x00000000        0xc ./Output/timeline_scheduler.o
 .group         0x00000000        0xc ./Output/timeline_scheduler.o
 .group         0x00000000        0xc ./Output/timeline_scheduler.o
 .group         0x00000000        0xc ./Output/timeline_scheduler.o
 .group         0x00000000        0xc ./Output/timeline_scheduler.o
 .group         0x00000000        0xc ./Output/timeline_scheduler.o
 .group         0x00000000        0xc ./Output/timeline_scheduler.o
 .group         0x00000000        0xc ./Output/timeline_scheduler.o
 .group         0x00000000        0xc ./Output/timeline_scheduler.o
 .group         0x00000000        0xc ./Output/timeline_scheduler.o
 .text          0x00000000        0x0 ./Output/timeline_scheduler.o
 .data          0x00000000        0x0 ./Output/timeline_scheduler.o
 .bss           0x00000000        0x0 ./Output/timeline_scheduler.o
 .text.pxTimelineSchedulerGetRuntime
                0x00000000       0x18 ./Output/timeline_scheduler.o
 .debug_macro   0x00000000      0xac0 ./Output/timeline_scheduler.o
 .debug_macro   0x00000000      0x190 ./Output/timeline_scheduler.o
 .debug_macro   0x00000000      0x34e ./Output/timeline_scheduler.o
 .debug_macro   0x00000000       0x16 ./Output/timeline_scheduler.o
 .debug_macro   0x00000000      0x118 ./Output/timeline_scheduler.o
 .debug_macro   0x00000000       0x2e ./Output/timeline_scheduler.o
 .debug_macro   0x00000000      0x182 ./Output/timeline_scheduler.o
 .debug_macro   0x00000000       0xe7 ./Output/timeline_scheduler.o
 .debug_macro   0x00000000       0x3a ./Output/timeline_scheduler.o
 .debug_macro   0x00000000       0x1f ./Output/timeline_scheduler.o
 .debug_macro   0x00000000       0x12 ./Output/timeline_scheduler.o
 .debug_macro   0x00000000     0x1002 ./Output/timeline_scheduler.o
 .debug_macro   0x00000000       0xc3 ./Output/timeline_scheduler.o
 .debug_macro   0x00000000      0x14f ./Output/timeline_scheduler.o
 .debug_macro   0x00000000       0x98 ./Output/timeline_scheduler.o
 .debug_macro   0x00000000       0x2e ./Output/timeline_scheduler.o
 .debug_macro   0x00000000       0x22 ./Output/timeline_scheduler.o
 .debug_macro   0x00000000       0x60 ./Output/timeline_scheduler.o
 .debug_macro   0x00000000       0x24 ./Output/timeline_scheduler.o
 .debug_macro   0x00000000       0x94 ./Output/timeline_scheduler.o
 .debug_macro   0x00000000       0x3c ./Output/timeline_scheduler.o
 .debug_macro   0x00000000       0x34 ./Output/timeline_scheduler.o
 .debug_macro   0x00000000       0x57 ./Output/timeline_scheduler.o
 .debug_macro   0x00000000      0x364 ./Output/timeline_scheduler.o
 .debug_macro   0x00000000       0x16 ./Output/timeline_scheduler.o
 .debug_macro   0x00000000       0x4a ./Output/timeline_scheduler.o
 .debug_macro   0x00000000       0x34 ./Output/timeline_scheduler.o
 .debug_macro   0x00000000       0x10 ./Output/timeline_scheduler.o
 .debug_macro   0x00000000       0x52 ./Output/timeline_scheduler.o
 .debug_macro   0x00000000      0x1e5 ./Output/timeline_scheduler.o
 .debug_macro   0x00000000       0x10 ./Output/timeline_scheduler.o
 .debug_macro   0x00000000       0x3c ./Output/timeline_scheduler.o
 .group         0x00000000        0xc ./Output/timeline_kernel_hooks.o
 .group         0x00000000        0xc ./Output/timeline_kernel_hooks.o
 .group         0x00000000        0xc ./Output/timeline_kernel_hooks.o
 .group         0x00000000        0xc ./Output/timeline_kernel_hooks.o
 .group         0x00000000        0xc ./Output/timeline_kernel_hooks.o
 .group         0x00000000        0xc ./Output/timeline_kernel_hooks.o
 .group         0x00000000        0xc ./Output/timeline_kernel_hooks.o
 .group         0x00000000        0xc ./Output/timeline_kernel_hooks.o
 .group         0x00000000        0xc ./Output/timeline_kernel_hooks.o
 .group         0x00000000        0xc ./Output/timeline_kernel_hooks.o
 .group         0x00000000        0xc ./Output/timeline_kernel_hooks.o
 .group         0x00000000        0xc ./Output/timeline_kernel_hooks.o
 .group         0x00000000        0xc ./Output/timeline_kernel_hooks.o
 .group         0x00000000        0xc ./Output/timeline_kernel_hooks.o
 .group         0x00000000        0xc ./Output/timeline_kernel_hooks.o
 .text          0x00000000        0x0 ./Output/timeline_kernel_hooks.o
 .data          0x00000000        0x0 ./Output/timeline_kernel_hooks.o
 .bss           0x00000000        0x0 ./Output/timeline_kernel_hooks.o
 .debug_macro   0x00000000      0xac0 ./Output/timeline_kernel_hooks.o
 .debug_macro   0x00000000      0x190 ./Output/timeline_kernel_hooks.o
 .debug_macro   0x00000000      0x34e ./Output/timeline_kernel_hooks.o
 .debug_macro   0x00000000       0x16 ./Output/timeline_kernel_hooks.o
 .debug_macro   0x00000000      0x118 ./Output/timeline_kernel_hooks.o
 .debug_macro   0x00000000       0x2e ./Output/timeline_kernel_hooks.o
 .debug_macro   0x00000000      0x182 ./Output/timeline_kernel_hooks.o
 .debug_macro   0x00000000       0xe7 ./Output/timeline_kernel_hooks.o
 .debug_macro   0x00000000       0x3a ./Output/timeline_kernel_hooks.o
 .debug_macro   0x00000000       0x1f ./Output/timeline_kernel_hooks.o
 .debug_macro   0x00000000       0x12 ./Output/timeline_kernel_hooks.o
 .debug_macro   0x00000000     0x1002 ./Output/timeline_kernel_hooks.o
 .debug_macro   0x00000000       0xc3 ./Output/timeline_kernel_hooks.o
 .debug_macro   0x00000000      0x14f ./Output/timeline_kernel_hooks.o
 .debug_macro   0x00000000       0x10 ./Output/timeline_kernel_hooks.o
 .group         0x00000000        0xc ./Output/uart.o
 .group         0x00000000        0xc ./Output/uart.o
 .group         0x00000000        0xc ./Output/uart.o
 .group         0x00000000        0xc ./Output/uart.o
 .group         0x00000000        0xc ./Output/uart.o
 .text          0x00000000        0x0 ./Output/uart.o
 .data          0x00000000        0x0 ./Output/uart.o
 .bss           0x00000000        0x0 ./Output/uart.o
 .rodata.UART_put_task_event.str1.1
                0x00000000        0x2 ./Output/uart.o
 .text.UART_put_task_event
                0x00000000       0x30 ./Output/uart.o
 .debug_macro   0x00000000      0xac0 ./Output/uart.o
 .debug_macro   0x00000000      0x34e ./Output/uart.o
 .debug_macro   0x00000000      0x190 ./Output/uart.o
 .debug_macro   0x00000000       0x2e ./Output/uart.o
 .group         0x00000000        0xc ./Output/startup_mps2_an385.o
 .group         0x00000000        0xc ./Output/startup_mps2_an385.o
 .text          0x00000000        0x0 ./Output/startup_mps2_an385.o
 .data          0x00000000        0x0 ./Output/startup_mps2_an385.o
 .bss           0x00000000        0x0 ./Output/startup_mps2_an385.o
 .debug_macro   0x00000000      0xac0 ./Output/startup_mps2_an385.o
 .debug_macro   0x00000000      0x34e ./Output/startup_mps2_an385.o
 .text          0x00000000       0x5c /usr/lib/gcc/arm-none-eabi/14.2.1/../../../arm-none-eabi/lib/thumb/v7-m/nofp/libc_nano.a(libc_a-strlen-stub.o)
 .data          0x00000000        0x0 /usr/lib/gcc/arm-none-eabi/14.2.1/../../../arm-none-eabi/lib/thumb/v7-m/nofp/libc_nano.a(libc_a-strlen-stub.o)
 .bss           0x00000000        0x0 /usr/lib/gcc/arm-none-eabi/14.2.1/../../../arm-none-eabi/lib/thumb/v7-m/nofp/libc_nano.a(libc_a-strlen-stub.o)
 .debug_info    0x00000000       0xbd /usr/lib/gcc/arm-none-eabi/14.2.1/../../../arm-none-eabi/lib/thumb/v7-m/nofp/libc_nano.a(libc_a-strlen-stub.o)
 .debug_abbrev  0x00000000       0x78 /usr/lib/gcc/arm-none-eabi/14.2.1/../../../arm-none-eabi/lib/thumb/v7-m/nofp/libc_nano.a(libc_a-strlen-stub.o)
 .debug_loclists
                0x00000000       0x29 /usr/lib/gcc/arm-none-eabi/14.2.1/../../../arm-none-eabi/lib/thumb/v7-m/nofp/libc_nano.a(libc_a-strlen-stub.o)
 .debug_aranges
                0x00000000       0x20 /usr/lib/gcc/arm-none-eabi/14.2.1/../../../arm-none-eabi/lib/thumb/v7-m/nofp/libc_nano.a(libc_a-strlen-stub.o)
 .debug_rnglists
                0x00000000       0x13 /usr/lib/gcc/arm-none-eabi/14.2.1/../../../arm-none-eabi/lib/thumb/v7-m/nofp/libc_nano.a(libc_a-strlen-stub.o)
 .debug_line    0x00000000       0xf4 /usr/lib/gcc/arm-none-eabi/14.2.1/../../../arm-none-eabi/lib/thumb/v7-m/nofp/libc_nano.a(libc_a-strlen-stub.o)
 .debug_str     0x00000000      0x19b /usr/lib/gcc/arm-none-eabi/14.2.1/../../../arm-none-eabi/lib/thumb/v7-m/nofp/libc_nano.a(libc_a-strlen-stub.o)
 .comment       0x00000000       0x27 /usr/lib/gcc/arm-none-eabi/14.2.1/../../../arm-none-eabi/lib/thumb/v7-m/nofp/libc_nano.a(libc_a-strlen-stub.o)
 .debug_frame   0x00000000       0x20 /usr/lib/gcc/arm-none-eabi/14.2.1/../../../arm-none-eabi/lib/thumb/v7-m/nofp/libc_nano.a(libc_a-strlen-stub.o)
 .ARM.attributes
                0x00000000       0x2d /usr/lib/gcc/arm-none-eabi/14.2.1/../../../arm-none-eabi/lib/thumb/v7-m/nofp/libc_nano.a(libc_a-strlen-stub.o)
 .data          0x00000000        0x0 /usr/lib/gcc/arm-none-eabi/14.2.1/../../../arm-none-eabi/lib/thumb/v7-m/nofp/libc_nano.a(libc_a-memset.o)
 .bss           0x00000000        0x0 /usr/lib/gcc/arm-none-eabi/14.2.1/../../../arm-none-eabi/lib/thumb/v7-m/nofp/libc_nano.a(libc_a-memset.o)
 .data          0x00000000        0x0 /usr/lib/gcc/arm-none-eabi/14.2.1/../../../arm-none-eabi/lib/thumb/v7-m/nofp/libc_nano.a(libc_a-strcmp.o)
 .bss           0x00000000        0x0 /usr/lib/gcc/arm-none-eabi/14.2.1/../../../arm-none-eabi/lib/thumb/v7-m/nofp/libc_nano.a(libc_a-strcmp.o)
 .ARM.extab     0x00000000        0x0 /usr/lib/gcc/arm-none-eabi/14.2.1/../../../arm-none-eabi/lib/thumb/v7-m/nofp/libc_nano.a(libc_a-strcmp.o)
 .data          0x00000000        0x0 /usr/lib/gcc/arm-none-eabi/14.2.1/../../../arm-none-eabi/lib/thumb/v7-m/nofp/libc_nano.a(libc_a-strncmp.o)
 .bss           0x00000000        0x0 /usr/lib/gcc/arm-none-eabi/14.2.1/../../../arm-none-eabi/lib/thumb/v7-m/nofp/libc_nano.a(libc_a-strncmp.o)
 .data          0x00000000        0x0 /usr/lib/gcc/arm-none-eabi/14.2.1/../../../arm-none-eabi/lib/thumb/v7-m/nofp/libc_nano.a(libc_a-memcpy.o)
 .bss           0x00000000        0x0 /usr/lib/gcc/arm-none-eabi/14.2.1/../../../arm-none-eabi/lib/thumb/v7-m/nofp/libc_nano.a(libc_a-memcpy.o)
 .ARM.extab     0x00000000        0x0 /usr/lib/gcc/arm-none-eabi/14.2.1/../../../arm-none-eabi/lib/thumb/v7-m/nofp/libc_nano.a(libc_a-memcpy.o)

Memory Configuration

Name             Origin             Length             Attributes
FLASH            0x00000000         0x00400000         xr
RAM              0x20000000         0x00400000         rw
*default*        0x00000000         0xffffffff

Linker script and memory map

LOAD ./Output/list.o
LOAD ./Output/tasks.o
LOAD ./Output/queue.o
LOAD ./Output/timers.o
LOAD ./Output/event_groups.o
LOAD ./Output/stream_buffer.o
LOAD ./Output/heap_4.o
LOAD ./Output/port.o
LOAD ./Output/app_main.o
LOAD ./Output/timeline_config.o
LOAD ./Output/timeline_scheduler.o
LOAD ./Output/timeline_kernel_hooks.o
LOAD ./Output/uart.o
LOAD ./Output/startup_mps2_an385.o
START GROUP
LOAD /usr/lib/gcc/arm-none-eabi/14.2.1/thumb/v7-m/nofp/libgcc.a
LOAD /usr/lib/gcc/arm-none-eabi/14.2.1/../../../arm-none-eabi/lib/thumb/v7-m/nofp/libc_nano.a
END GROUP
START GROUP
LOAD /usr/lib/gcc/arm-none-eabi/14.2.1/thumb/v7-m/nofp/libgcc.a
LOAD /usr/lib/gcc/arm-none-eabi/14.2.1/../../../arm-none-eabi/lib/thumb/v7-m/nofp/libc_nano.a
LOAD /usr/lib/gcc/arm-none-eabi/14.2.1/../../../arm-none-eabi/lib/thumb/v7-m/nofp/libnosys.a
END GROUP
START GROUP
LOAD /usr/lib/gcc/arm-none-eabi/14.2.1/thumb/v7-m/nofp/libgcc.a
LOAD /usr/lib/gcc/arm-none-eabi/14.2.1/../../../arm-none-eabi/lib/thumb/v7-m/nofp/libc_nano.a
LOAD /usr/lib/gcc/arm-none-eabi/14.2.1/../../../arm-none-eabi/lib/thumb/v7-m/nofp/libnosys.a
END GROUP
                0x00000008                        _Min_Heap_Size = 0x8
                0x00000400                        _Min_Stack_Size = 0x400
                0x20400000                        _estack = (ORIGIN (RAM) + LENGTH (RAM))

.isr_vector     0x00000000       0x78
                0x00000000                        __vector_table = .
 *(.isr_vector)
 .isr_vector    0x00000000       0x78 ./Output/startup_mps2_an385.o
                0x00000000                isr_vector
                0x00000078                        . = ALIGN (0x4)

.text           0x00000100     0x3468
 *(.text)
 .text          0x00000100       0xa0 /usr/lib/gcc/arm-none-eabi/14.2.1/../../../arm-none-eabi/lib/thumb/v7-m/nofp/libc_nano.a(libc_a-memset.o)
                0x00000100                memset
 .text          0x000001a0      0x1bc /usr/lib/gcc/arm-none-eabi/14.2.1/../../../arm-none-eabi/lib/thumb/v7-m/nofp/libc_nano.a(libc_a-strcmp.o)
                0x000001a0                strcmp
 .text          0x0000035c       0x8c /usr/lib/gcc/arm-none-eabi/14.2.1/../../../arm-none-eabi/lib/thumb/v7-m/nofp/libc_nano.a(libc_a-strncmp.o)
                0x0000035c                strncmp
 .text          0x000003e8       0xec /usr/lib/gcc/arm-none-eabi/14.2.1/../../../arm-none-eabi/lib/thumb/v7-m/nofp/libc_nano.a(libc_a-memcpy.o)
                0x000003e8                memcpy
 *(.text*)
 .text.vListInitialise
                0x000004d4       0x16 ./Output/list.o
                0x000004d4                vListInitialise
 .text.vListInitialiseItem
                0x000004ea        0x6 ./Output/list.o
                0x000004ea                vListInitialiseItem
 .text.vListInsertEnd
                0x000004f0       0x16 ./Output/list.o
                0x000004f0                vListInsertEnd
 .text.vListInsert
                0x00000506       0x2e ./Output/list.o
                0x00000506                vListInsert
 .text.uxListRemove
                0x00000534       0x1e ./Output/list.o
                0x00000534                uxListRemove
 *fill*         0x00000552        0x2 
 .text.prvAddCurrentTaskToDelayedList
                0x00000554       0xac ./Output/tasks.o
 .text.prvResetNextTaskUnblockTime
                0x00000600       0x24 ./Output/tasks.o
 .text.prvTaskIsTaskSuspended
                0x00000624       0x40 ./Output/tasks.o
 .text.prvCheckTasksWaitingTermination
                0x00000664       0x48 ./Output/tasks.o
 .text.prvIdleTask
                0x000006ac       0x28 ./Output/tasks.o
 .text.xTaskCreate
                0x000006d4      0x1e0 ./Output/tasks.o
                0x000006d4                xTaskCreate
 .text.vTaskDelete
                0x000008b4       0xe8 ./Output/tasks.o
                0x000008b4                vTaskDelete
 .text.vTaskResume
                0x0000099c       0x98 ./Output/tasks.o
                0x0000099c                vTaskResume
 .text.xTaskResumeFromISR
                0x00000a34       0xb8 ./Output/tasks.o
                0x00000a34                xTaskResumeFromISR
 .text.vTaskStartScheduler
                0x00000aec       0xb8 ./Output/tasks.o
                0x00000aec                vTaskStartScheduler
 .text.vTaskSuspendAll
                0x00000ba4       0x10 ./Output/tasks.o
                0x00000ba4                vTaskSuspendAll
 .text.xTaskGetTickCount
                0x00000bb4        0xc ./Output/tasks.o
                0x00000bb4                xTaskGetTickCount
 .text.uxTaskGetNumberOfTasks
                0x00000bc0        0xc ./Output/tasks.o
                0x00000bc0                uxTaskGetNumberOfTasks
 .text.pcTaskGetName
                0x00000bcc       0x24 ./Output/tasks.o
                0x00000bcc                pcTaskGetName
 .text.xTaskIncrementTick
                0x00000bf0      0x1ac ./Output/tasks.o
                0x00000bf0                xTaskIncrementTick
 .text.xTaskResumeAll
                0x00000d9c      0x15c ./Output/tasks.o
                0x00000d9c                xTaskResumeAll
 .text.vTaskSwitchContext
                0x00000ef8       0xb8 ./Output/tasks.o
                0x00000ef8                vTaskSwitchContext
 .text.vTaskSuspend
                0x00000fb0       0xe0 ./Output/tasks.o
                0x00000fb0                vTaskSuspend
 .text.vTaskPlaceOnEventList
                0x00001090       0x34 ./Output/tasks.o
                0x00001090                vTaskPlaceOnEventList
 .text.vTaskPlaceOnEventListRestricted
                0x000010c4       0x5c ./Output/tasks.o
                0x000010c4                vTaskPlaceOnEventListRestricted
 .text.xTaskRemoveFromEventList
                0x00001120       0xc8 ./Output/tasks.o
                0x00001120                xTaskRemoveFromEventList
 .text.vTaskInternalSetTimeOutState
                0x000011e8       0x18 ./Output/tasks.o
                0x000011e8                vTaskInternalSetTimeOutState
 .text.xTaskCheckForTimeOut
                0x00001200       0x6c ./Output/tasks.o
                0x00001200                xTaskCheckForTimeOut
 .text.vTaskMissedYield
                0x0000126c        0xc ./Output/tasks.o
                0x0000126c                vTaskMissedYield
 .text.xTaskGetSchedulerState
                0x00001278       0x20 ./Output/tasks.o
                0x00001278                xTaskGetSchedulerState
 .text.xTaskPriorityDisinherit
                0x00001298       0x9c ./Output/tasks.o
                0x00001298                xTaskPriorityDisinherit
 .text.ulTaskGenericNotifyTake
                0x00001334       0xb8 ./Output/tasks.o
                0x00001334                ulTaskGenericNotifyTake
 .text.xTaskGenericNotify
                0x000013ec      0x128 ./Output/tasks.o
                0x000013ec                xTaskGenericNotify
 .text.vTaskGenericNotifyGiveFromISR
                0x00001514      0x10c ./Output/tasks.o
                0x00001514                vTaskGenericNotifyGiveFromISR
 .text.prvIsQueueEmpty
                0x00001620       0x16 ./Output/queue.o
 .text.prvCopyDataToQueue
                0x00001636       0x66 ./Output/queue.o
 .text.prvCopyDataFromQueue
                0x0000169c       0x26 ./Output/queue.o
 *fill*         0x000016c2        0x2 
 .text.prvNotifyQueueSetContainer
                0x000016c4       0x84 ./Output/queue.o
 .text.prvUnlockQueue
                0x00001748       0x78 ./Output/queue.o
 .text.xQueueGenericReset
                0x000017c0       0x98 ./Output/queue.o
                0x000017c0                xQueueGenericReset
 .text.xQueueGenericCreate
                0x00001858       0x54 ./Output/queue.o
                0x00001858                xQueueGenericCreate
 .text.xQueueGenericSendFromISR
                0x000018ac       0xd4 ./Output/queue.o
                0x000018ac                xQueueGenericSendFromISR
 .text.xQueueReceive
                0x00001980      0x124 ./Output/queue.o
                0x00001980                xQueueReceive
 .text.vQueueAddToRegistry
                0x00001aa4       0x50 ./Output/queue.o
                0x00001aa4                vQueueAddToRegistry
 .text.vQueueWaitForMessageRestricted
                0x00001af4       0x46 ./Output/queue.o
                0x00001af4                vQueueWaitForMessageRestricted
 *fill*         0x00001b3a        0x2 
 .text.prvInsertTimerInActiveList
                0x00001b3c       0x3c ./Output/timers.o
 .text.prvReloadTimer
                0x00001b78       0x26 ./Output/timers.o
 *fill*         0x00001b9e        0x2 
 .text.prvProcessExpiredTimer
                0x00001ba0       0x40 ./Output/timers.o
 .text.prvSwitchTimerLists
                0x00001be0       0x2c ./Output/timers.o
 .text.prvCheckForValidListAndQueue
                0x00001c0c       0x58 ./Output/timers.o
 .text.prvTimerTask
                0x00001c64      0x190 ./Output/timers.o
 .text.xTimerCreateTimerTask
                0x00001df4       0x50 ./Output/timers.o
                0x00001df4                xTimerCreateTimerTask
 .text.xTimerPendFunctionCallFromISR
                0x00001e44       0x28 ./Output/timers.o
                0x00001e44                xTimerPendFunctionCallFromISR
 .text.pvPortMalloc
                0x00001e6c      0x190 ./Output/heap_4.o
                0x00001e6c                pvPortMalloc
 .text.vPortFree
                0x00001ffc       0xf8 ./Output/heap_4.o
                0x00001ffc                vPortFree
 .text.vPortSVCHandler
                0x000020f4       0x24 ./Output/port.o
                0x000020f4                vPortSVCHandler
 .text.prvPortStartFirstTask
                0x00002118       0x20 ./Output/port.o
 .text.xPortPendSVHandler
                0x00002138       0x44 ./Output/port.o
                0x00002138                xPortPendSVHandler
 .text.prvTaskExitError
                0x0000217c       0x3c ./Output/port.o
 .text.pxPortInitialiseStack
                0x000021b8       0x24 ./Output/port.o
                0x000021b8                pxPortInitialiseStack
 .text.vPortEnterCritical
                0x000021dc       0x3c ./Output/port.o
                0x000021dc                vPortEnterCritical
 .text.vPortExitCritical
                0x00002218       0x28 ./Output/port.o
                0x00002218                vPortExitCritical
 .text.xPortSysTickHandler
                0x00002240       0x2c ./Output/port.o
                0x00002240                xPortSysTickHandler
 .text.vPortSetupTimerInterrupt
                0x0000226c       0x16 ./Output/port.o
                0x0000226c                vPortSetupTimerInterrupt
 *fill*         0x00002282        0x2 
 .text.xPortStartScheduler
                0x00002284      0x10c ./Output/port.o
                0x00002284                xPortStartScheduler
 .text.vPortValidateInterruptPriority
                0x00002390       0x54 ./Output/port.o
                0x00002390                vPortValidateInterruptPriority
 .text.vApplicationMallocFailedHook
                0x000023e4       0x12 ./Output/app_main.o
                0x000023e4                vApplicationMallocFailedHook
 .text.vApplicationStackOverflowHook
                0x000023f6       0x12 ./Output/app_main.o
                0x000023f6                vApplicationStackOverflowHook
 .text.vAssertCalled
                0x00002408       0x12 ./Output/app_main.o
                0x00002408                vAssertCalled
 *fill*         0x0000241a        0x2 
 .text.startup.main
                0x0000241c       0x34 ./Output/app_main.o
                0x0000241c                main
 .text.vBusyWaitMs
                0x00002450       0x2a ./Output/timeline_config.o
 .text.vSrtZTask
                0x0000247a        0x6 ./Output/timeline_config.o
 .text.vSrtYTask
                0x00002480        0x6 ./Output/timeline_config.o
 .text.vSrtXTask
                0x00002486        0x6 ./Output/timeline_config.o
 .text.vHrtCTask
                0x0000248c        0x6 ./Output/timeline_config.o
 .text.vHrtBTask
                0x00002492        0x6 ./Output/timeline_config.o
 .text.vHrtATask
                0x00002498        0x6 ./Output/timeline_config.o
 *fill*         0x0000249e        0x2 
 .text.prvSelectTimelineTask
                0x000024a0      0x148 ./Output/timeline_scheduler.o
 .text.prvHasAnyActiveTaskOfType
                0x000025e8       0x4c ./Output/timeline_scheduler.o
 .text.prvCreateManagedTaskIfMissing
                0x00002634       0x74 ./Output/timeline_scheduler.o
 .text.prvResetFrameRuntimeState
                0x000026a8       0x3c ./Output/timeline_scheduler.o
 .text.prvDebugNormalizeTaskName
                0x000026e4       0x30 ./Output/timeline_scheduler.o
 .text.prvDebugPrintContextSwitch
                0x00002714       0x5c ./Output/timeline_scheduler.o
 .text.prvDebugTaskNameOrIdle
                0x00002770       0x16 ./Output/timeline_scheduler.o
 *fill*         0x00002786        0x2 
 .text.prvTimelineMaintenanceCallback
                0x00002788       0x50 ./Output/timeline_scheduler.o
 .text.prvReleaseTaskFromTaskContext
                0x000027d8       0x70 ./Output/timeline_scheduler.o
 .text.prvReleaseTaskFromISR
                0x00002848       0x6c ./Output/timeline_scheduler.o
 .text.xTimelineSchedulerIsConfigured
                0x000028b4       0x14 ./Output/timeline_scheduler.o
                0x000028b4                xTimelineSchedulerIsConfigured
 .text.xTimelineSchedulerConfigure
                0x000028c8       0xc8 ./Output/timeline_scheduler.o
                0x000028c8                xTimelineSchedulerConfigure
 .text.xTimelineSchedulerCreateManagedTasks
                0x00002990       0x34 ./Output/timeline_scheduler.o
                0x00002990                xTimelineSchedulerCreateManagedTasks
 .text.vTimelineSchedulerKernelStart
                0x000029c4      0x114 ./Output/timeline_scheduler.o
                0x000029c4                vTimelineSchedulerKernelStart
 .text.vTimelineSchedulerOnTickFromISR
                0x00002ad8      0x2f8 ./Output/timeline_scheduler.o
                0x00002ad8                vTimelineSchedulerOnTickFromISR
 .text.xTimelineSchedulerSelectNextTask
                0x00002dd0       0x54 ./Output/timeline_scheduler.o
                0x00002dd0                xTimelineSchedulerSelectNextTask
 .text.vTimelineSchedulerTaskCompletedFromTaskContext
                0x00002e24      0x10c ./Output/timeline_scheduler.o
                0x00002e24                vTimelineSchedulerTaskCompletedFromTaskContext
 .text.prvTimelineManagedTask
                0x00002f30       0x70 ./Output/timeline_scheduler.o
 .text.xTimelineSchedulerGetTaskExecutedTicks
                0x00002fa0       0x2c ./Output/timeline_scheduler.o
                0x00002fa0                xTimelineSchedulerGetTaskExecutedTicks
 .text.vTimelineKernelHookSchedulerStart
                0x00002fcc       0x48 ./Output/timeline_kernel_hooks.o
                0x00002fcc                vTimelineKernelHookSchedulerStart
 .text.vTimelineKernelHookTick
                0x00003014        0x4 ./Output/timeline_kernel_hooks.o
                0x00003014                vTimelineKernelHookTick
 .text.xTimelineKernelHookSelectTask
                0x00003018        0x4 ./Output/timeline_kernel_hooks.o
                0x00003018                xTimelineKernelHookSelectTask
 .text.UART_init
                0x0000301c        0xe ./Output/uart.o
                0x0000301c                UART_init
 .text.UART_putc
                0x0000302a        0xe ./Output/uart.o
                0x0000302a                UART_putc
 .text.UART_puts
                0x00003038       0x14 ./Output/uart.o
                0x00003038                UART_puts
 .text.UART_put_u32
                0x0000304c       0x42 ./Output/uart.o
                0x0000304c                UART_put_u32
 *fill*         0x0000308e        0x2 
 .text.Reset_Handler
                0x00003090       0x10 ./Output/startup_mps2_an385.o
                0x00003090                Reset_Handler
 *fill*         0x000030a0       0x60 
 .text.Default_Handler
                0x00003100        0xc ./Output/startup_mps2_an385.o
 *fill*         0x0000310c       0xf4 
 .text.HardFault_Handler
                0x00003200       0x18 ./Output/startup_mps2_an385.o
 .text.prvStartupInitAndRun
                0x00003218       0x40 ./Output/startup_mps2_an385.o
                0x00003218                prvStartupInitAndRun
 .text.prvGetRegistersFromStack
                0x00003258       0x54 ./Output/startup_mps2_an385.o
                0x00003258                prvGetRegistersFromStack
 *(.rodata*)
 .rodata.prvTaskIsTaskSuspended.str1.1
                0x000032ac      0x1c8 ./Output/tasks.o
                                 0x20 (size before relaxing)
 .rodata.vTaskStartScheduler.str1.1
                0x00003474        0xf ./Output/tasks.o
 .rodata.uxTopUsedPriority
                0x00003474        0x4 ./Output/tasks.o
 .rodata.prvNotifyQueueSetContainer.str1.1
                0x00003478       0x20 ./Output/queue.o
 .rodata.prvCheckForValidListAndQueue.str1.1
                0x00003478        0x5 ./Output/timers.o
 .rodata.prvTimerTask.str1.1
                0x00003478       0x21 ./Output/timers.o
 .rodata.xTimerCreateTimerTask.str1.1
                0x00003478        0x8 ./Output/timers.o
 .rodata.pvPortMalloc.str1.1
                0x00003478       0x32 ./Output/heap_4.o
 .rodata.prvTaskExitError.str1.1
                0x00003478       0x34 ./Output/port.o
 .rodata.main.str1.1
                0x00003478        0xb ./Output/app_main.o
 .rodata.gTimelineConfig
                0x00003478       0x10 ./Output/timeline_config.o
                0x00003478                gTimelineConfig
 .rodata.str1.1
                0x00003488       0x2a ./Output/timeline_config.o
 .rodata.xTasksTimingConsistency
                0x00003488       0xe0 ./Output/timeline_config.o
 .rodata.prvResetFrameRuntimeState.str1.1
                0x00003568       0x1e ./Output/timeline_scheduler.o
 .rodata.prvDebugNormalizeTaskName.str1.1
                0x00003568        0xd ./Output/timeline_scheduler.o
 .rodata.prvDebugPrintContextSwitch.str1.1
                0x00003568       0x30 ./Output/timeline_scheduler.o
 .rodata.vTimelineSchedulerKernelStart.str1.1
                0x00003568       0x13 ./Output/timeline_scheduler.o
 .rodata.vTimelineSchedulerOnTickFromISR.str1.1
                0x00003568       0x23 ./Output/timeline_scheduler.o
 .rodata.vTimelineSchedulerTaskCompletedFromTaskContext.str1.1
                0x00003568        0xe ./Output/timeline_scheduler.o
 .rodata.vTimelineKernelHookSchedulerStart.str1.1
                0x00003568       0x21 ./Output/timeline_kernel_hooks.o
 *(.constdata*)
 *(.glue_7)
 .glue_7        0x00003568        0x0 linker stubs
 *(.glue_7t)
 .glue_7t       0x00003568        0x0 linker stubs
 *(.eh_frame*)
                0x00003598                        . = ALIGN (0x4)
                0x00003568                        _etext = .

.vfp11_veneer   0x00003568        0x0
 .vfp11_veneer  0x00003568        0x0 linker stubs

.v4_bx          0x00003568        0x0
 .v4_bx         0x00003568        0x0 linker stubs

.iplt           0x00003568        0x0
 .iplt          0x00003568        0x0 ./Output/tasks.o

.ARM.exidx      0x00003568        0x8
                0x00003568                        __exidx_start = .
 *(.ARM.exidx*)
 .ARM.exidx     0x00003568        0x8 /usr/lib/gcc/arm-none-eabi/14.2.1/../../../arm-none-eabi/lib/thumb/v7-m/nofp/libc_nano.a(libc_a-strcmp.o)
 .ARM.exidx     0x00003570        0x0 /usr/lib/gcc/arm-none-eabi/14.2.1/../../../arm-none-eabi/lib/thumb/v7-m/nofp/libc_nano.a(libc_a-memcpy.o)
                                  0x8 (size before relaxing)
                0x00003570                        __exidx_end = .
                0x00003570                        . = ALIGN (0x4)

.rel.dyn        0x00003570        0x0
 .rel.iplt      0x00003570        0x0 ./Output/tasks.o

.data           0x20000000        0x8 load address 0x00003570
                0x20000000                        . = ALIGN (0x8)
                0x20000000                        _data = .
                0x20000000                        _sdata = .
 *(vtable)
 *(.data)
 *(.data*)
 .data.uxCriticalNesting
                0x20000000        0x4 ./Output/port.o
                0x20000008                        . = ALIGN (0x8)
 *fill*         0x20000004        0x4 
                0x20000008                        _edata = .
                0x00003570                        _sidata = LOADADDR (.data)

.igot.plt       0x20000008        0x0 load address 0x00003578
 .igot.plt      0x20000008        0x0 ./Output/tasks.o

.bss            0x20000008    0x14720 load address 0x00003578
                0x20000008                        . = ALIGN (0x8)
                0x20000008                        _bss = .
                0x20000008                        _sbss = .
 *(.bss)
 *(.bss*)
 .bss.uxSchedulerSuspended
                0x20000008        0x4 ./Output/tasks.o
 .bss.xIdleTaskHandles
                0x2000000c        0x4 ./Output/tasks.o
 .bss.xNextTaskUnblockTime
                0x20000010        0x4 ./Output/tasks.o
 .bss.uxTaskNumber
                0x20000014        0x4 ./Output/tasks.o
 .bss.xNumOfOverflows
                0x20000018        0x4 ./Output/tasks.o
 .bss.xYieldPendings
                0x2000001c        0x4 ./Output/tasks.o
 .bss.xPendedTicks
                0x20000020        0x4 ./Output/tasks.o
 .bss.xSchedulerRunning
                0x20000024        0x4 ./Output/tasks.o
 .bss.uxTopReadyPriority
                0x20000028        0x4 ./Output/tasks.o
 .bss.xTickCount
                0x2000002c        0x4 ./Output/tasks.o
 .bss.uxCurrentNumberOfTasks
                0x20000030        0x4 ./Output/tasks.o
 .bss.xSuspendedTaskList
                0x20000034       0x14 ./Output/tasks.o
 .bss.uxDeletedTasksWaitingCleanUp
                0x20000048        0x4 ./Output/tasks.o
 .bss.xTasksWaitingTermination
                0x2000004c       0x14 ./Output/tasks.o
 .bss.xPendingReadyList
                0x20000060       0x14 ./Output/tasks.o
 .bss.pxOverflowDelayedTaskList
                0x20000074        0x4 ./Output/tasks.o
 .bss.pxDelayedTaskList
                0x20000078        0x4 ./Output/tasks.o
 .bss.xDelayedTaskList2
                0x2000007c       0x14 ./Output/tasks.o
 .bss.xDelayedTaskList1
                0x20000090       0x14 ./Output/tasks.o
 .bss.pxReadyTasksLists
                0x200000a4       0x8c ./Output/tasks.o
 .bss.pxCurrentTCB
                0x20000130        0x4 ./Output/tasks.o
                0x20000130                pxCurrentTCB
 .bss.xQueueRegistry
                0x20000134       0x40 ./Output/queue.o
                0x20000134                xQueueRegistry
 .bss.xLastTime.0
                0x20000174        0x4 ./Output/timers.o
 .bss.xTimerTaskHandle
                0x20000178        0x4 ./Output/timers.o
 .bss.xTimerQueue
                0x2000017c        0x4 ./Output/timers.o
 .bss.pxOverflowTimerList
                0x20000180        0x4 ./Output/timers.o
 .bss.pxCurrentTimerList
                0x20000184        0x4 ./Output/timers.o
 .bss.xActiveTimerList2
                0x20000188       0x14 ./Output/timers.o
 .bss.xActiveTimerList1
                0x2000019c       0x14 ./Output/timers.o
 .bss.xNumberOfSuccessfulFrees
                0x200001b0        0x4 ./Output/heap_4.o
 .bss.xNumberOfSuccessfulAllocations
                0x200001b4        0x4 ./Output/heap_4.o
 .bss.xMinimumEverFreeBytesRemaining
                0x200001b8        0x4 ./Output/heap_4.o
 .bss.xFreeBytesRemaining
                0x200001bc        0x4 ./Output/heap_4.o
 .bss.pxEnd     0x200001c0        0x4 ./Output/heap_4.o
 .bss.xStart    0x200001c4        0x8 ./Output/heap_4.o
 .bss.ucHeap    0x200001cc    0x14000 ./Output/heap_4.o
 .bss.ulMaxPRIGROUPValue
                0x200141cc        0x4 ./Output/port.o
 .bss.ucMaxSysCallPriority
                0x200141d0        0x1 ./Output/port.o
 *fill*         0x200141d1        0x3 
 .bss.xTimeline
                0x200141d4      0x530 ./Output/timeline_scheduler.o
 .bss.psr       0x20014704        0x4 ./Output/startup_mps2_an385.o
                0x20014704                psr
 .bss.pc        0x20014708        0x4 ./Output/startup_mps2_an385.o
                0x20014708                pc
 .bss.lr        0x2001470c        0x4 ./Output/startup_mps2_an385.o
                0x2001470c                lr
 .bss.r12       0x20014710        0x4 ./Output/startup_mps2_an385.o
                0x20014710                r12
 .bss.r3        0x20014714        0x4 ./Output/startup_mps2_an385.o
                0x20014714                r3
 .bss.r2        0x20014718        0x4 ./Output/startup_mps2_an385.o
                0x20014718                r2
 .bss.r1        0x2001471c        0x4 ./Output/startup_mps2_an385.o
                0x2001471c                r1
 .bss.r0        0x20014720        0x4 ./Output/startup_mps2_an385.o
                0x20014720                r0
 *(COMMON)
                0x20014728                        . = ALIGN (0x8)
 *fill*         0x20014724        0x4 
                0x20014728                        _ebss = .

.heap           0x20014728      0x408 load address 0x00003578
                0x20014728                        . = ALIGN (0x8)
                [!provide]                        PROVIDE (end = .)
                [!provide]                        PROVIDE (_end = .)
                0x20014728                        _heap_bottom = .
                0x20014730                        . = (. + _Min_Heap_Size)
 *fill*         0x20014728        0x8 
                0x20014730                        _heap_top = .
                0x20014b30                        . = (. + _Min_Stack_Size)
 *fill*         0x20014730      0x400 
                0x20014b30                        . = ALIGN (0x8)
                0x20400000                        __StackTop = (ORIGIN (RAM) + LENGTH (RAM))
                0x203ffc00                        __StackLimit = (__StackTop - _Min_Stack_Size)
                [!provide]                        PROVIDE (__stack = __StackTop)
                0x00000001                        ASSERT ((__StackLimit >= _heap_top), region RAM overflowed with stack)
OUTPUT(./Output/timeline_demo.elf elf32-littlearm)
LOAD linker stubs

.debug_info     0x00000000     0xafbd
 .debug_info    0x00000000      0x2b2 ./Output/list.o
 .debug_info    0x000002b2     0x34f4 ./Output/tasks.o
 .debug_info    0x000037a6     0x26cc ./Output/queue.o
 .debug_info    0x00005e72     0x162f ./Output/timers.o
 .debug_info    0x000074a1      0x741 ./Output/heap_4.o
 .debug_info    0x00007be2      0x5a1 ./Output/port.o
 .debug_info    0x00008183      0x357 ./Output/app_main.o
 .debug_info    0x000084da      0x4a9 ./Output/timeline_config.o
 .debug_info    0x00008983     0x1b1e ./Output/timeline_scheduler.o
 .debug_info    0x0000a4a1      0x41e ./Output/timeline_kernel_hooks.o
 .debug_info    0x0000a8bf      0x23f ./Output/uart.o
 .debug_info    0x0000aafe      0x21c ./Output/startup_mps2_an385.o
 .debug_info    0x0000ad1a      0x135 /usr/lib/gcc/arm-none-eabi/14.2.1/../../../arm-none-eabi/lib/thumb/v7-m/nofp/libc_nano.a(libc_a-memset.o)
 .debug_info    0x0000ae4f       0x33 /usr/lib/gcc/arm-none-eabi/14.2.1/../../../arm-none-eabi/lib/thumb/v7-m/nofp/libc_nano.a(libc_a-strcmp.o)
 .debug_info    0x0000ae82      0x108 /usr/lib/gcc/arm-none-eabi/14.2.1/../../../arm-none-eabi/lib/thumb/v7-m/nofp/libc_nano.a(libc_a-strncmp.o)
 .debug_info    0x0000af8a       0x33 /usr/lib/gcc/arm-none-eabi/14.2.1/../../../arm-none-eabi/lib/thumb/v7-m/nofp/libc_nano.a(libc_a-memcpy.o)

.debug_abbrev   0x00000000     0x2136
 .debug_abbrev  0x00000000      0x105 ./Output/list.o
 .debug_abbrev  0x00000105      0x4e5 ./Output/tasks.o
 .debug_abbrev  0x000005ea      0x3c6 ./Output/queue.o
 .debug_abbrev  0x000009b0      0x3c5 ./Output/timers.o
 .debug_abbrev  0x00000d75      0x2e3 ./Output/heap_4.o
 .debug_abbrev  0x00001058      0x2c6 ./Output/port.o
 .debug_abbrev  0x0000131e      0x1bc ./Output/app_main.o
 .debug_abbrev  0x000014da      0x17c ./Output/timeline_config.o
 .debug_abbrev  0x00001656      0x4be ./Output/timeline_scheduler.o
 .debug_abbrev  0x00001b14      0x1c5 ./Output/timeline_kernel_hooks.o
 .debug_abbrev  0x00001cd9      0x16d ./Output/uart.o
 .debug_abbrev  0x00001e46      0x157 ./Output/startup_mps2_an385.o
 .debug_abbrev  0x00001f9d       0xb7 /usr/lib/gcc/arm-none-eabi/14.2.1/../../../arm-none-eabi/lib/thumb/v7-m/nofp/libc_nano.a(libc_a-memset.o)
 .debug_abbrev  0x00002054       0x28 /usr/lib/gcc/arm-none-eabi/14.2.1/../../../arm-none-eabi/lib/thumb/v7-m/nofp/libc_nano.a(libc_a-strcmp.o)
 .debug_abbrev  0x0000207c       0x92 /usr/lib/gcc/arm-none-eabi/14.2.1/../../../arm-none-eabi/lib/thumb/v7-m/nofp/libc_nano.a(libc_a-strncmp.o)
 .debug_abbrev  0x0000210e       0x28 /usr/lib/gcc/arm-none-eabi/14.2.1/../../../arm-none-eabi/lib/thumb/v7-m/nofp/libc_nano.a(libc_a-memcpy.o)

.debug_loclists
                0x00000000     0x4f8d
 .debug_loclists
                0x00000000       0x77 ./Output/list.o
 .debug_loclists
                0x00000077     0x1851 ./Output/tasks.o
 .debug_loclists
                0x000018c8     0x10fb ./Output/queue.o
 .debug_loclists
                0x000029c3      0xac4 ./Output/timers.o
 .debug_loclists
                0x00003487      0x386 ./Output/heap_4.o
 .debug_loclists
                0x0000380d       0xaf ./Output/port.o
 .debug_loclists
                0x000038bc      0x1a4 ./Output/timeline_config.o
 .debug_loclists
                0x00003a60     0x1035 ./Output/timeline_scheduler.o
 .debug_loclists
                0x00004a95       0xe3 ./Output/timeline_kernel_hooks.o
 .debug_loclists
                0x00004b78       0xc5 ./Output/uart.o
 .debug_loclists
                0x00004c3d       0x40 ./Output/startup_mps2_an385.o
 .debug_loclists
                0x00004c7d      0x1d7 /usr/lib/gcc/arm-none-eabi/14.2.1/../../../arm-none-eabi/lib/thumb/v7-m/nofp/libc_nano.a(libc_a-memset.o)
 .debug_loclists
                0x00004e54      0x139 /usr/lib/gcc/arm-none-eabi/14.2.1/../../../arm-none-eabi/lib/thumb/v7-m/nofp/libc_nano.a(libc_a-strncmp.o)

.debug_aranges  0x00000000      0x760
 .debug_aranges
                0x00000000       0x40 ./Output/list.o
 .debug_aranges
                0x00000040      0x1d0 ./Output/tasks.o
 .debug_aranges
                0x00000210      0x138 ./Output/queue.o
 .debug_aranges
                0x00000348       0xd0 ./Output/timers.o
 .debug_aranges
                0x00000418       0x60 ./Output/heap_4.o
 .debug_aranges
                0x00000478       0x78 ./Output/port.o
 .debug_aranges
                0x000004f0       0x38 ./Output/app_main.o
 .debug_aranges
                0x00000528       0x50 ./Output/timeline_config.o
 .debug_aranges
                0x00000578       0xb8 ./Output/timeline_scheduler.o
 .debug_aranges
                0x00000630       0x30 ./Output/timeline_kernel_hooks.o
 .debug_aranges
                0x00000660       0x40 ./Output/uart.o
 .debug_aranges
                0x000006a0       0x40 ./Output/startup_mps2_an385.o
 .debug_aranges
                0x000006e0       0x20 /usr/lib/gcc/arm-none-eabi/14.2.1/../../../arm-none-eabi/lib/thumb/v7-m/nofp/libc_nano.a(libc_a-memset.o)
 .debug_aranges
                0x00000700       0x20 /usr/lib/gcc/arm-none-eabi/14.2.1/../../../arm-none-eabi/lib/thumb/v7-m/nofp/libc_nano.a(libc_a-strcmp.o)
 .debug_aranges
                0x00000720       0x20 /usr/lib/gcc/arm-none-eabi/14.2.1/../../../arm-none-eabi/lib/thumb/v7-m/nofp/libc_nano.a(libc_a-strncmp.o)
 .debug_aranges
                0x00000740       0x20 /usr/lib/gcc/arm-none-eabi/14.2.1/../../../arm-none-eabi/lib/thumb/v7-m/nofp/libc_nano.a(libc_a-memcpy.o)

.debug_rnglists
                0x00000000      0x903
 .debug_rnglists
                0x00000000       0x2b ./Output/list.o
 .debug_rnglists
                0x0000002b      0x2e7 ./Output/tasks.o
 .debug_rnglists
                0x00000312      0x1a8 ./Output/queue.o
 .debug_rnglists
                0x000004ba       0xe0 ./Output/timers.o
 .debug_rnglists
                0x0000059a       0x69 ./Output/heap_4.o
 .debug_rnglists
                0x00000603       0x7c ./Output/port.o
 .debug_rnglists
                0x0000067f       0x25 ./Output/app_main.o
 .debug_rnglists
                0x000006a4       0x37 ./Output/timeline_config.o
 .debug_rnglists
                0x000006db      0x1a7 ./Output/timeline_scheduler.o
 .debug_rnglists
                0x00000882       0x1f ./Output/timeline_kernel_hooks.o
 .debug_rnglists
                0x000008a1       0x37 ./Output/uart.o
 .debug_rnglists
                0x000008d8       0x2b ./Output/startup_mps2_an385.o

.debug_macro    0x00000000     0x4196
 .debug_macro   0x00000000      0x171 ./Output/list.o
 .debug_macro   0x00000171      0xac0 ./Output/list.o
 .debug_macro   0x00000c31       0x24 ./Output/list.o
 .debug_macro   0x00000c55       0x22 ./Output/list.o
 .debug_macro   0x00000c77       0x60 ./Output/list.o
 .debug_macro   0x00000cd7       0x94 ./Output/list.o
 .debug_macro   0x00000d6b       0x3c ./Output/list.o
 .debug_macro   0x00000da7       0x34 ./Output/list.o
 .debug_macro   0x00000ddb       0x16 ./Output/list.o
 .debug_macro   0x00000df1      0x11c ./Output/list.o
 .debug_macro   0x00000f0d       0x9b ./Output/list.o
 .debug_macro   0x00000fa8       0x57 ./Output/list.o
 .debug_macro   0x00000fff      0x364 ./Output/list.o
 .debug_macro   0x00001363       0x16 ./Output/list.o
 .debug_macro   0x00001379       0x4a ./Output/list.o
 .debug_macro   0x000013c3       0x34 ./Output/list.o
 .debug_macro   0x000013f7       0x10 ./Output/list.o
 .debug_macro   0x00001407       0x52 ./Output/list.o
 .debug_macro   0x00001459      0x1e5 ./Output/list.o
 .debug_macro   0x0000163e       0x16 ./Output/list.o
 .debug_macro   0x00001654       0x29 ./Output/list.o
 .debug_macro   0x0000167d      0x34e ./Output/list.o
 .debug_macro   0x000019cb       0x16 ./Output/list.o
 .debug_macro   0x000019e1      0x118 ./Output/list.o
 .debug_macro   0x00001af9       0x2e ./Output/list.o
 .debug_macro   0x00001b27      0x182 ./Output/list.o
 .debug_macro   0x00001ca9       0xe7 ./Output/list.o
 .debug_macro   0x00001d90       0x3a ./Output/list.o
 .debug_macro   0x00001dca       0x1f ./Output/list.o
 .debug_macro   0x00001de9       0x12 ./Output/list.o
 .debug_macro   0x00001dfb     0x1002 ./Output/list.o
 .debug_macro   0x00002dfd       0xc3 ./Output/list.o
 .debug_macro   0x00002ec0      0x2ae ./Output/tasks.o
 .debug_macro   0x0000316e       0x16 ./Output/tasks.o
 .debug_macro   0x00003184       0x3c ./Output/tasks.o
 .debug_macro   0x000031c0      0x14f ./Output/tasks.o
 .debug_macro   0x0000330f       0x2e ./Output/tasks.o
 .debug_macro   0x0000333d       0x98 ./Output/tasks.o
 .debug_macro   0x000033d5       0x16 ./Output/tasks.o
 .debug_macro   0x000033eb      0x203 ./Output/queue.o
 .debug_macro   0x000035ee       0x80 ./Output/queue.o
 .debug_macro   0x0000366e      0x1c0 ./Output/timers.o
 .debug_macro   0x0000382e       0x9e ./Output/timers.o
 .debug_macro   0x000038cc      0x201 ./Output/heap_4.o
 .debug_macro   0x00003acd      0x162 ./Output/port.o
 .debug_macro   0x00003c2f       0xc0 ./Output/app_main.o
 .debug_macro   0x00003cef       0x10 ./Output/app_main.o
 .debug_macro   0x00003cff       0xba ./Output/timeline_config.o
 .debug_macro   0x00003db9      0x1b3 ./Output/timeline_scheduler.o
 .debug_macro   0x00003f6c       0xbd ./Output/timeline_kernel_hooks.o
 .debug_macro   0x00004029       0x41 ./Output/uart.o
 .debug_macro   0x0000406a      0x112 ./Output/uart.o
 .debug_macro   0x0000417c       0x1a ./Output/startup_mps2_an385.o

.debug_line     0x00000000     0x817e
 .debug_line    0x00000000      0x441 ./Output/list.o
 .debug_line    0x00000441     0x273a ./Output/tasks.o
 .debug_line    0x00002b7b     0x19e9 ./Output/queue.o
 .debug_line    0x00004564      0xc56 ./Output/timers.o
 .debug_line    0x000051ba      0x802 ./Output/heap_4.o
 .debug_line    0x000059bc      0x4cf ./Output/port.o
 .debug_line    0x00005e8b      0x245 ./Output/app_main.o
 .debug_line    0x000060d0      0x274 ./Output/timeline_config.o
 .debug_line    0x00006344     0x136f ./Output/timeline_scheduler.o
 .debug_line    0x000076b3      0x249 ./Output/timeline_kernel_hooks.o
 .debug_line    0x000078fc      0x1c6 ./Output/uart.o
 .debug_line    0x00007ac2      0x187 ./Output/startup_mps2_an385.o
 .debug_line    0x00007c49      0x1b1 /usr/lib/gcc/arm-none-eabi/14.2.1/../../../arm-none-eabi/lib/thumb/v7-m/nofp/libc_nano.a(libc_a-memset.o)
 .debug_line    0x00007dfa       0xdd /usr/lib/gcc/arm-none-eabi/14.2.1/../../../arm-none-eabi/lib/thumb/v7-m/nofp/libc_nano.a(libc_a-strcmp.o)
 .debug_line    0x00007ed7      0x1ea /usr/lib/gcc/arm-none-eabi/14.2.1/../../../arm-none-eabi/lib/thumb/v7-m/nofp/libc_nano.a(libc_a-strncmp.o)
 .debug_line    0x000080c1       0xbd /usr/lib/gcc/arm-none-eabi/14.2.1/../../../arm-none-eabi/lib/thumb/v7-m/nofp/libc_nano.a(libc_a-memcpy.o)

.debug_str      0x00000000    0x16c79
 .debug_str     0x00000000    0x16c79 ./Output/list.o
                               0xfea5 (size before relaxing)
 .debug_str     0x00016c79    0x13990 ./Output/tasks.o
 .debug_str     0x00016c79    0x1283b ./Output/queue.o
 .debug_str     0x00016c79    0x12b21 ./Output/timers.o
 .debug_str     0x00016c79    0x119de ./Output/heap_4.o
 .debug_str     0x00016c79     0xecbe ./Output/port.o
 .debug_str     0x00016c79     0xe780 ./Output/app_main.o
 .debug_str     0x00016c79     0xe60a ./Output/timeline_config.o
 .debug_str     0x00016c79    0x12687 ./Output/timeline_scheduler.o
 .debug_str     0x00016c79     0xe70d ./Output/timeline_kernel_hooks.o
 .debug_str     0x00016c79     0x43a6 ./Output/uart.o
 .debug_str     0x00016c79     0x3987 ./Output/startup_mps2_an385.o
 .debug_str     0x00016c79      0x1a5 /usr/lib/gcc/arm-none-eabi/14.2.1/../../../arm-none-eabi/lib/thumb/v7-m/nofp/libc_nano.a(libc_a-memset.o)
 .debug_str     0x00016c79       0xa8 /usr/lib/gcc/arm-none-eabi/14.2.1/../../../arm-none-eabi/lib/thumb/v7-m/nofp/libc_nano.a(libc_a-strcmp.o)
 .debug_str     0x00016c79      0x193 /usr/lib/gcc/arm-none-eabi/14.2.1/../../../arm-none-eabi/lib/thumb/v7-m/nofp/libc_nano.a(libc_a-strncmp.o)
 .debug_str     0x00016c79       0xa8 /usr/lib/gcc/arm-none-eabi/14.2.1/../../../arm-none-eabi/lib/thumb/v7-m/nofp/libc_nano.a(libc_a-memcpy.o)

.comment        0x00000000       0x4c
 .comment       0x00000000       0x4c ./Output/list.o
                                 0x27 (size before relaxing)
 .comment       0x0000004c       0x27 ./Output/tasks.o
 .comment       0x0000004c       0x27 ./Output/queue.o
 .comment       0x0000004c       0x27 ./Output/timers.o
 .comment       0x0000004c       0x27 ./Output/heap_4.o
 .comment       0x0000004c       0x27 ./Output/port.o
 .comment       0x0000004c       0x27 ./Output/app_main.o
 .comment       0x0000004c       0x27 ./Output/timeline_config.o
 .comment       0x0000004c       0x27 ./Output/timeline_scheduler.o
 .comment       0x0000004c       0x27 ./Output/timeline_kernel_hooks.o
 .comment       0x0000004c       0x27 ./Output/uart.o
 .comment       0x0000004c       0x27 ./Output/startup_mps2_an385.o
 .comment       0x0000004c       0x27 /usr/lib/gcc/arm-none-eabi/14.2.1/../../../arm-none-eabi/lib/thumb/v7-m/nofp/libc_nano.a(libc_a-memset.o)
 .comment       0x0000004c       0x27 /usr/lib/gcc/arm-none-eabi/14.2.1/../../../arm-none-eabi/lib/thumb/v7-m/nofp/libc_nano.a(libc_a-strncmp.o)

.ARM.attributes
                0x00000000       0x2b
 .ARM.attributes
                0x00000000       0x2d ./Output/list.o
 .ARM.attributes
                0x0000002d       0x2d ./Output/tasks.o
 .ARM.attributes
                0x0000005a       0x2d ./Output/queue.o
 .ARM.attributes
                0x00000087       0x2d ./Output/timers.o
 .ARM.attributes
                0x000000b4       0x2d ./Output/heap_4.o
 .ARM.attributes
                0x000000e1       0x2d ./Output/port.o
 .ARM.attributes
                0x0000010e       0x2d ./Output/app_main.o
 .ARM.attributes
                0x0000013b       0x2d ./Output/timeline_config.o
 .ARM.attributes
                0x00000168       0x2d ./Output/timeline_scheduler.o
 .ARM.attributes
                0x00000195       0x2d ./Output/timeline_kernel_hooks.o
 .ARM.attributes
                0x000001c2       0x2d ./Output/uart.o
 .ARM.attributes
                0x000001ef       0x2d ./Output/startup_mps2_an385.o
 .ARM.attributes
                0x0000021c       0x2d /usr/lib/gcc/arm-none-eabi/14.2.1/../../../arm-none-eabi/lib/thumb/v7-m/nofp/libc_nano.a(libc_a-memset.o)
 .ARM.attributes
                0x00000249       0x1b /usr/lib/gcc/arm-none-eabi/14.2.1/../../../arm-none-eabi/lib/thumb/v7-m/nofp/libc_nano.a(libc_a-strcmp.o)
 .ARM.attributes
                0x00000264       0x2d /usr/lib/gcc/arm-none-eabi/14.2.1/../../../arm-none-eabi/lib/thumb/v7-m/nofp/libc_nano.a(libc_a-strncmp.o)
 .ARM.attributes
                0x00000291       0x1b /usr/lib/gcc/arm-none-eabi/14.2.1/../../../arm-none-eabi/lib/thumb/v7-m/nofp/libc_nano.a(libc_a-memcpy.o)

.debug_frame    0x00000000     0x14e4
 .debug_frame   0x00000000       0x6c ./Output/list.o
 .debug_frame   0x0000006c      0x630 ./Output/tasks.o
 .debug_frame   0x0000069c      0x414 ./Output/queue.o
 .debug_frame   0x00000ab0      0x2a0 ./Output/timers.o
 .debug_frame   0x00000d50       0xfc ./Output/heap_4.o
 .debug_frame   0x00000e4c      0x108 ./Output/port.o
 .debug_frame   0x00000f54       0x58 ./Output/app_main.o
 .debug_frame   0x00000fac       0x90 ./Output/timeline_config.o
 .debug_frame   0x0000103c      0x290 ./Output/timeline_scheduler.o
 .debug_frame   0x000012cc       0x50 ./Output/timeline_kernel_hooks.o
 .debug_frame   0x0000131c       0x98 ./Output/uart.o
 .debug_frame   0x000013b4       0x68 ./Output/startup_mps2_an385.o
 .debug_frame   0x0000141c       0x2c /usr/lib/gcc/arm-none-eabi/14.2.1/../../../arm-none-eabi/lib/thumb/v7-m/nofp/libc_nano.a(libc_a-memset.o)
 .debug_frame   0x00001448       0x3c /usr/lib/gcc/arm-none-eabi/14.2.1/../../../arm-none-eabi/lib/thumb/v7-m/nofp/libc_nano.a(libc_a-strcmp.o)
 .debug_frame   0x00001484       0x38 /usr/lib/gcc/arm-none-eabi/14.2.1/../../../arm-none-eabi/lib/thumb/v7-m/nofp/libc_nano.a(libc_a-strncmp.o)
 .debug_frame   0x000014bc       0x28 /usr/lib/gcc/arm-none-eabi/14.2.1/../../../arm-none-eabi/lib/thumb/v7-m/nofp/libc_nano.a(libc_a-memcpy.o)

.debug_line_str
                0x00000000       0xa5
 .debug_line_str
                0x00000000       0xa5 /usr/lib/gcc/arm-none-eabi/14.2.1/../../../arm-none-eabi/lib/thumb/v7-m/nofp/libc_nano.a(libc_a-strcmp.o)
                                 0x95 (size before relaxing)
 .debug_line_str
                0x000000a5       0x95 /usr/lib/gcc/arm-none-eabi/14.2.1/../../../arm-none-eabi/lib/thumb/v7-m/nofp/libc_nano.a(libc_a-memcpy.o)
